Archive member included to satisfy reference by file (symbol)

C:/devkitPro/libtonc/lib\libtonc.a(tonc_input.o)
                              main.o (__key_prev)
C:/devkitPro/libtonc/lib\libtonc.a(tonc_irq.o)
                              main.o (irq_init)
C:/devkitPro/libtonc/lib\libtonc.a(tonc_oam.o)
                              main.o (oam_init)
C:/devkitPro/libtonc/lib\libtonc.a(tte_init_se.o)
                              main.o (tte_init_se)
C:/devkitPro/libtonc/lib\libtonc.a(tte_main.o)
                              C:/devkitPro/libtonc/lib\libtonc.a(tte_init_se.o) (tte_init_base)
C:/devkitPro/libtonc/lib\libtonc.a(tonc_bios_ex.o)
                              C:/devkitPro/libtonc/lib\libtonc.a(tte_main.o) (VBlankIntrDelay)
C:/devkitPro/libtonc/lib\libtonc.a(tonc_bios.o)
                              main.o (VBlankIntrWait)
C:/devkitPro/libtonc/lib\libtonc.a(tonc_isr_master.o)
                              C:/devkitPro/libtonc/lib\libtonc.a(tonc_irq.o) (isr_master)
C:/devkitPro/libtonc/lib\libtonc.a(tonc_memcpy.o)
                              main.o (memcpy32)
C:/devkitPro/libtonc/lib\libtonc.a(tonc_memset.o)
                              C:/devkitPro/libtonc/lib\libtonc.a(tonc_irq.o) (memset32)
C:/devkitPro/libtonc/lib\libtonc.a(tonc_nocash.o)
                              printdebug.o (nocash_puts)
C:/devkitPro/libtonc/lib\libtonc.a(sys8.o)
                              C:/devkitPro/libtonc/lib\libtonc.a(tte_init_se.o) (sys8Font)
C:/devkitPro/libtonc/lib\libtonc.a(tonc_surface.o)
                              C:/devkitPro/libtonc/lib\libtonc.a(tte_init_se.o) (srf_init)
C:/devkitPro/libtonc/lib\libtonc.a(se_drawg.o)
                              C:/devkitPro/libtonc/lib\libtonc.a(tte_init_se.o) (se_erase)
C:/devkitPro/libtonc/lib\libtonc.a(tonc_sbmp16.o)
                              C:/devkitPro/libtonc/lib\libtonc.a(se_drawg.o) (sbmp16_rect)
C:/devkitPro/devkitARM/bin/../lib/gcc/arm-none-eabi/15.1.0/thumb\libgcc.a(_divsi3.o)
                              C:/devkitPro/libtonc/lib\libtonc.a(tte_main.o) (__aeabi_idiv)
C:/devkitPro/devkitARM/bin/../lib/gcc/arm-none-eabi/15.1.0/thumb\libgcc.a(_dvmd_tls.o)
                              C:/devkitPro/devkitARM/bin/../lib/gcc/arm-none-eabi/15.1.0/thumb\libgcc.a(_divsi3.o) (__aeabi_idiv0)
C:/devkitPro/devkitARM/bin/../lib/gcc/arm-none-eabi/15.1.0/thumb\libgcc.a(_sync_none.o)
                              (__sync_synchronize_none)
C:/devkitPro/devkitARM/bin/../lib/gcc/arm-none-eabi/15.1.0/../../../../arm-none-eabi/lib/thumb\libg.a(libc_a-memmove.o)
                              gapbuf.o (memmove)
C:/devkitPro/devkitARM/bin/../lib/gcc/arm-none-eabi/15.1.0/../../../../arm-none-eabi/lib/thumb\libg.a(libc_a-itoa.o)
                              main.o (itoa)
C:/devkitPro/devkitARM/bin/../lib/gcc/arm-none-eabi/15.1.0/../../../../arm-none-eabi/lib/thumb\libg.a(libc_a-utoa.o)
                              C:/devkitPro/devkitARM/bin/../lib/gcc/arm-none-eabi/15.1.0/../../../../arm-none-eabi/lib/thumb\libg.a(libc_a-itoa.o) (__utoa)
C:/devkitPro/devkitARM/bin/../lib/gcc/arm-none-eabi/15.1.0/../../../../arm-none-eabi/lib/thumb\libg.a(libc_a-init.o)
                              C:/devkitPro/devkitARM/bin/../lib/gcc/arm-none-eabi/15.1.0/../../../../arm-none-eabi/lib/thumb/gba_crt0.o (__libc_init_array)
C:/devkitPro/devkitARM/bin/../lib/gcc/arm-none-eabi/15.1.0/../../../../arm-none-eabi/lib/thumb\libg.a(libc_a-calloc.o)
                              gapbuf.o (calloc)
C:/devkitPro/devkitARM/bin/../lib/gcc/arm-none-eabi/15.1.0/../../../../arm-none-eabi/lib/thumb\libg.a(libc_a-vsnprintf.o)
                              printdebug.o (vsnprintf)
C:/devkitPro/devkitARM/bin/../lib/gcc/arm-none-eabi/15.1.0/../../../../arm-none-eabi/lib/thumb\libg.a(libc_a-puts.o)
                              gapbuf.o (puts)
C:/devkitPro/devkitARM/bin/../lib/gcc/arm-none-eabi/15.1.0/../../../../arm-none-eabi/lib/thumb\libg.a(libc_a-callocr.o)
                              C:/devkitPro/devkitARM/bin/../lib/gcc/arm-none-eabi/15.1.0/../../../../arm-none-eabi/lib/thumb\libg.a(libc_a-calloc.o) (_calloc_r)
C:/devkitPro/devkitARM/bin/../lib/gcc/arm-none-eabi/15.1.0/../../../../arm-none-eabi/lib/thumb\libg.a(libc_a-mallocr.o)
                              C:/devkitPro/devkitARM/bin/../lib/gcc/arm-none-eabi/15.1.0/../../../../arm-none-eabi/lib/thumb\libg.a(libc_a-callocr.o) (_malloc_r)
C:/devkitPro/devkitARM/bin/../lib/gcc/arm-none-eabi/15.1.0/../../../../arm-none-eabi/lib/thumb\libg.a(libc_a-freer.o)
                              C:/devkitPro/devkitARM/bin/../lib/gcc/arm-none-eabi/15.1.0/../../../../arm-none-eabi/lib/thumb\libg.a(libc_a-mallocr.o) (_free_r)
C:/devkitPro/devkitARM/bin/../lib/gcc/arm-none-eabi/15.1.0/../../../../arm-none-eabi/lib/thumb\libg.a(libc_a-svfprintf.o)
                              C:/devkitPro/devkitARM/bin/../lib/gcc/arm-none-eabi/15.1.0/../../../../arm-none-eabi/lib/thumb\libg.a(libc_a-vsnprintf.o) (_svfprintf_r)
[...]
Memory Configuration

Name             Origin             Length             Attributes
rom              0x08000000         0x02000000
iwram            0x03000000         0x00008000
ewram            0x02000000         0x00040000
*default*        0x00000000         0xffffffff

Linker script and memory map

                0x00000000                        __sync_synchronize = __sync_synchronize_none
                0x08000000                        __text_start = ORIGIN (rom)
                0x02040000                        __eheap_end = (ORIGIN (ewram) + LENGTH (ewram))
                0x03000000                        __iwram_start = ORIGIN (iwram)
                0x03008000                        __iwram_top = (ORIGIN (iwram) + LENGTH (iwram))
                0x03007fa0                        __sp_irq = (__iwram_top - 0x60)
                0x03007f00                        __sp_usr = (__sp_irq - 0xa0)
                0x03007ff8                        __irq_flags = 0x3007ff8
                0x08000000                        . = __text_start

.crt0           0x08000000      0x210
 *(.crt0)
 .crt0          0x08000000      0x210 C:/devkitPro/devkitARM/bin/../lib/gcc/arm-none-eabi/15.1.0/../../../../arm-none-eabi/lib/thumb/gba_crt0.o
                0x08000000                _start
                0x080000c4                __boot_method
                0x080000c5                __slave_number
                0x080000e0                start_vector
                0x08000210                        . = ALIGN (0x4)

.init           0x08000210        0xc
 *(SORT_NONE(.init))
 .init          0x08000210        0x4 C:/devkitPro/devkitARM/bin/../lib/gcc/arm-none-eabi/15.1.0/thumb/crti.o
                0x08000210                _init
 .init          0x08000214        0x8 C:/devkitPro/devkitARM/bin/../lib/gcc/arm-none-eabi/15.1.0/thumb/crtn.o

.plt            0x0800021c        0x0
 *(.plt)
                0x0800021c                        . = ALIGN (0x4)

.text           0x08000220     0xeb48
 *(EXCLUDE_FILE(*.iwram*) .text*)
 .text.__do_global_dtors_aux
                0x08000220       0x2c C:/devkitPro/devkitARM/bin/../lib/gcc/arm-none-eabi/15.1.0/thumb/crtbegin.o
 .text.frame_dummy
                0x0800024c       0x24 C:/devkitPro/devkitARM/bin/../lib/gcc/arm-none-eabi/15.1.0/thumb/crtbegin.o
 .text          0x08000270      0x170 anchor.o
                0x08000270                create_anchor
                0x080002a8                put_anchor_on_cursor
                0x080002f0                put_anchor_at_start
                0x08000314                set_anchor_visibility
                0x08000348                update_anchor
 .text          0x080003e0      0x130 cursor.o
                0x080003e0                create_cursor
                0x08000414                update_cursor_loc
                0x08000458                render_cursor
                0x0800048c                keep_cursor_on
                0x080004a0                change_cursor
                0x080004c0                update_cursor_loc_mail_screen
 .text          0x08000510      0x2a4 gapbuf.o
                0x08000510                create_gapbuf
                0x08000548                move_right_txt
                0x0800056c                insert
                0x08000580                backspace
                0x0800058c                delete
                0x0800059c                move_gap_to
                0x080005fc                cursor_left
                0x08000614                cursor_right
                0x08000634                get_char_at
                0x08000660                extract_text
                0x080006ac                print_buffer
                0x080006d4                select_delete
                0x080006f8                extract_text_between_pos
                0x0800077c                paste
 .text          0x080007b4      0x15c mail_screen.o
                0x080007b4                create_text_field
                0x080007d4                create_mail_screen
                0x08000848                cursor_down_text_field
                0x08000880                cursor_up_text_field
                0x080008a0                switch_active_field
                0x080008b8                render_mail_screen
                0x080008f4                load_written_text_fields
 .text          0x08000910      0x388 main.o
                0x08000910                render_sensor
                0x08000968                enable_msg_info
                0x080009fc                disable_msg_info
                0x08000a50                enable_sensor
                0x08000ad8                disable_sensor
                0x08000b38                emulator_test
 .text.startup  0x08000c98      0x1b8 main.o
                0x08000c98                main
 .text          0x08000e50       0x24 printdebug.o
                0x08000e50                print
 .text          0x08000e74      0x5a4 visual.o
                0x08000e74                init_line
                0x08000eb0                init_position
                0x08000eb8                create_visual
                0x08000f18                cursor_up
                0x08000fb8                cursor_down
                0x08001094                empty_visual
                0x080010a8                line_changed
                0x080010f0                visual_update
                0x08001354                put_cursor_at_end
                0x080013ac                render_screen
 .text          0x08001418      0x34c C:/devkitPro/libtonc/lib\libtonc.a(tonc_irq.o)
                0x08001418                irq_init
                0x0800145c                irq_set_master
                0x08001488                irq_set
                0x0800159c                irq_add
                0x08001610                irq_delete
                0x080016b8                irq_enable
                0x0800170c                irq_disable
 .text          0x08001764       0xc0 C:/devkitPro/libtonc/lib\libtonc.a(tonc_oam.o)
                0x08001764                oam_init
                0x080017b0                obj_copy
                0x080017d0                obj_hide_multi
                0x080017f8                obj_unhide_multi
 .text          0x08001824      0x160 C:/devkitPro/libtonc/lib\libtonc.a(tte_init_se.o)
                0x08001824                tte_init_se
 .text          0x08001984      0x984 C:/devkitPro/libtonc/lib\libtonc.a(tte_main.o)
                0x08001984                dummy_drawg
                0x08001988                dummy_erase
                0x0800198c                tte_set_context
                0x080019a4                tte_set_color_attr
                0x080019b4                tte_set_color_attrs
                0x080019d0                tte_set_color
                0x080019f0                tte_set_colors
                0x08001a40                tte_init_base
                0x08001ad0                utf8_decode_char
                0x08001b88                tte_cmd_skip
                0x08001b98                tte_cmd_next
                0x08001bcc                tte_putc
                0x08001c1c                tte_erase_rect
                0x08001c38                tte_erase_screen
                0x08001c5c                tte_erase_line
                0x08001c84                tte_cmd_default
                0x08002110                tte_write
                0x080021f0                tte_write_ex
                0x08002220                tte_get_text_size
                0x080022e8                tte_set_margins
 .text          0x08002308       0x54 C:/devkitPro/libtonc/lib\libtonc.a(tonc_bios_ex.o)
                0x08002308                VBlankIntrDelay
                0x08002318                DivSafe
                0x0800232c                Mod
                0x08002334                DivAbs
                0x0800233c                DivArmMod
                0x08002344                DivArmAbs
                0x0800234c                CpuFastFill
 .text          0x0800235c       0x8c C:/devkitPro/libtonc/lib\libtonc.a(tonc_bios.o)
                0x0800235c                SoftReset
                0x08002360                RegisterRamReset
                0x08002364                Halt
                0x08002368                Stop
                0x0800236c                IntrWait
                0x08002370                VBlankIntrWait
                0x08002374                Div
                0x08002378                DivArm
                0x0800237c                Sqrt
                0x08002380                ArcTan
                0x08002384                ArcTan2
                0x08002388                CpuSet
                0x0800238c                CpuFastSet
                0x08002390                BiosCheckSum
                0x08002394                BgAffineSet
                0x08002398                ObjAffineSet
                0x0800239c                BitUnPack
                0x080023a0                LZ77UnCompWram
                0x080023a4                LZ77UnCompVram
                0x080023a8                HuffUnComp
                0x080023ac                RLUnCompWram
                0x080023b0                RLUnCompVram
                0x080023b4                Diff8bitUnFilterWram
                0x080023b8                Diff8bitUnFilterVram
                0x080023bc                Diff16bitUnFilter
                0x080023c0                SoundBias
                0x080023c4                SoundDriverInit
                0x080023c8                SoundDriverMode
                0x080023cc                SoundDriverMain
                0x080023d0                SoundDriverVSync
                0x080023d4                SoundChannelClear
                0x080023d8                MidiKey2Freq
                0x080023dc                MultiBoot
                0x080023e0                SoundDriverVSyncOff
                0x080023e4                SoundDriverVSyncOn
 .text          0x080023e8       0x44 C:/devkitPro/libtonc/lib\libtonc.a(tonc_memcpy.o)
                0x080023e8                memcpy16
 .text          0x0800242c       0x3c C:/devkitPro/libtonc/lib\libtonc.a(tonc_memset.o)
                0x0800242c                memset16
 .text          0x08002468       0x38 C:/devkitPro/libtonc/lib\libtonc.a(tonc_nocash.o)
                0x08002468                nocash_puts
 .text          0x080024a0      0x154 C:/devkitPro/libtonc/lib\libtonc.a(tonc_surface.o)
                0x080024a0                srf_init
                0x08002560                srf_pal_copy
                0x0800258c                srf_get_ptr
 .text          0x080025f4      0x170 C:/devkitPro/libtonc/lib\libtonc.a(se_drawg.o)
                0x080025f4                se_erase
                0x08002620                se_drawg_w8h8
                0x0800264c                se_drawg_w8h16
                0x0800268c                se_drawg
                0x080026f8                se_drawg_s
 .text          0x08002764      0x538 C:/devkitPro/libtonc/lib\libtonc.a(tonc_sbmp16.o)
                0x08002764                sbmp16_get_pixel
                0x08002774                sbmp16_plot
                0x08002788                sbmp16_vline
                0x080027c8                sbmp16_line
                0x080028bc                sbmp16_hline
                0x080028ec                sbmp16_blit
                0x08002a54                sbmp16_frame
                0x08002ae8                sbmp16_rect
                0x08002b54                sbmp16_floodfill_internal
                0x08002c6c                sbmp16_floodfill
 .text          0x08002c9c      0x150 C:/devkitPro/devkitARM/bin/../lib/gcc/arm-none-eabi/15.1.0/thumb\libgcc.a(_divsi3.o)
                0x08002c9c                __divsi3
                0x08002c9c                __aeabi_idiv
                0x08002dcc                __aeabi_idivmod
 .text          0x08002dec        0x4 C:/devkitPro/devkitARM/bin/../lib/gcc/arm-none-eabi/15.1.0/thumb\libgcc.a(_dvmd_tls.o)
                0x08002dec                __aeabi_idiv0
                0x08002dec                __aeabi_ldiv0
 .text.memmove  0x08002df0       0xcc C:/devkitPro/devkitARM/bin/../lib/gcc/arm-none-eabi/15.1.0/../../../../arm-none-eabi/lib/thumb\libg.a(libc_a-memmove.o)
                0x08002df0                memmove
 .text.itoa     0x08002ebc       0x34 C:/devkitPro/devkitARM/bin/../lib/gcc/arm-none-eabi/15.1.0/../../../../arm-none-eabi/lib/thumb\libg.a(libc_a-itoa.o)
                0x08002ebc                itoa
 .text.__utoa   0x08002ef0       0x80 C:/devkitPro/devkitARM/bin/../lib/gcc/arm-none-eabi/15.1.0/../../../../arm-none-eabi/lib/thumb\libg.a(libc_a-utoa.o)
                0x08002ef0                __utoa
 .text.__libc_init_array
                0x08002f70       0x54 C:/devkitPro/devkitARM/bin/../lib/gcc/arm-none-eabi/15.1.0/../../../../arm-none-eabi/lib/thumb\libg.a(libc_a-init.o)
                0x08002f70                __libc_init_array
 .text.calloc   0x08002fc4       0x18 C:/devkitPro/devkitARM/bin/../lib/gcc/arm-none-eabi/15.1.0/../../../../arm-none-eabi/lib/thumb\libg.a(libc_a-calloc.o)
                0x08002fc4                calloc
 .text._vsnprintf_r
                0x08002fdc       0x58 C:/devkitPro/devkitARM/bin/../lib/gcc/arm-none-eabi/15.1.0/../../../../arm-none-eabi/lib/thumb\libg.a(libc_a-vsnprintf.o)
                0x08002fdc                _vsnprintf_r
 .text.vsnprintf
                0x08003034       0x24 C:/devkitPro/devkitARM/bin/../lib/gcc/arm-none-eabi/15.1.0/../../../../arm-none-eabi/lib/thumb\libg.a(libc_a-vsnprintf.o)
                0x08003034                vsnprintf
 .text._puts_r  0x08003058       0x88 C:/devkitPro/devkitARM/bin/../lib/gcc/arm-none-eabi/15.1.0/../../../../arm-none-eabi/lib/thumb\libg.a(libc_a-puts.o)
                0x08003058                _puts_r
 .text.puts     0x080030e0       0x14 C:/devkitPro/devkitARM/bin/../lib/gcc/arm-none-eabi/15.1.0/../../../../arm-none-eabi/lib/thumb\libg.a(libc_a-puts.o)
                0x080030e0                puts
 .text._calloc_r
                0x080030f4       0xcc C:/devkitPro/devkitARM/bin/../lib/gcc/arm-none-eabi/15.1.0/../../../../arm-none-eabi/lib/thumb\libg.a(libc_a-callocr.o)
                0x080030f4                _calloc_r
 .text._malloc_r
                0x080031c0      0x550 C:/devkitPro/devkitARM/bin/../lib/gcc/arm-none-eabi/15.1.0/../../../../arm-none-eabi/lib/thumb\libg.a(libc_a-mallocr.o)
                0x080031c0                _malloc_r
 .text._malloc_trim_r
                0x08003710       0xac C:/devkitPro/devkitARM/bin/../lib/gcc/arm-none-eabi/15.1.0/../../../../arm-none-eabi/lib/thumb\libg.a(libc_a-freer.o)
                0x08003710                _malloc_trim_r
 .text._free_r  0x080037bc      0x1d8 C:/devkitPro/devkitARM/bin/../lib/gcc/arm-none-eabi/15.1.0/../../../../arm-none-eabi/lib/thumb\libg.a(libc_a-freer.o)
                0x080037bc                _free_r
 .text.get_arg  0x08003994      0x404 C:/devkitPro/devkitARM/bin/../lib/gcc/arm-none-eabi/15.1.0/../../../../arm-none-eabi/lib/thumb\libg.a(libc_a-svfprintf.o)
 .text._svfprintf_r
                0x08003d98     0x22d8 C:/devkitPro/devkitARM/bin/../lib/gcc/arm-none-eabi/15.1.0/../../../../arm-none-eabi/lib/thumb\libg.a(libc_a-svfprintf.o)
                0x08003d98                _svfprintf_r
 .text.printf   0x08006070       0x28 C:/devkitPro/devkitARM/bin/../lib/gcc/arm-none-eabi/15.1.0/../../../../arm-none-eabi/lib/thumb\libg.a(libc_a-printf.o)
                0x08006070                printf
 .text._strtol_l.part.0
                0x08006098      0x25c C:/devkitPro/devkitARM/bin/../lib/gcc/arm-none-eabi/15.1.0/../../../../arm-none-eabi/lib/thumb\libg.a(libc_a-strtol.o)
 .text.strtol   0x080062f4       0x38 C:/devkitPro/devkitARM/bin/../lib/gcc/arm-none-eabi/15.1.0/../../../../arm-none-eabi/lib/thumb\libg.a(libc_a-strtol.o)
                0x080062f4                strtol
 .text.malloc   0x0800632c       0x28 C:/devkitPro/devkitARM/bin/../lib/gcc/arm-none-eabi/15.1.0/../../../../arm-none-eabi/lib/thumb\libg.a(libc_a-malloc.o)
                0x0800632c                malloc
 .text.free     0x08006354       0x14 C:/devkitPro/devkitARM/bin/../lib/gcc/arm-none-eabi/15.1.0/../../../../arm-none-eabi/lib/thumb\libg.a(libc_a-malloc.o)
                0x08006354                free
 .text.memset   0x08006368       0x8c C:/devkitPro/devkitARM/bin/../lib/gcc/arm-none-eabi/15.1.0/../../../../arm-none-eabi/lib/thumb\libg.a(libc_a-memset.o)
                0x08006368                memset
 .text.__malloc_lock
                0x080063f4       0x14 C:/devkitPro/devkitARM/bin/../lib/gcc/arm-none-eabi/15.1.0/../../../../arm-none-eabi/lib/thumb\libg.a(libc_a-mlock.o)
                0x080063f4                __malloc_lock
 .text.__malloc_unlock
                0x08006408       0x14 C:/devkitPro/devkitARM/bin/../lib/gcc/arm-none-eabi/15.1.0/../../../../arm-none-eabi/lib/thumb\libg.a(libc_a-mlock.o)
                0x08006408                __malloc_unlock
 .text.strncpy  0x0800641c       0x68 C:/devkitPro/devkitARM/bin/../lib/gcc/arm-none-eabi/15.1.0/../../../../arm-none-eabi/lib/thumb\libg.a(libc_a-strncpy.o)
                0x0800641c                strncpy
 .text.memcpy   0x08006484       0xb0 C:/devkitPro/devkitARM/bin/../lib/gcc/arm-none-eabi/15.1.0/../../../../arm-none-eabi/lib/thumb\libg.a(libc_a-memcpy-stub.o)
                0x08006484                memcpy
 .text._wcsrtombs_r
                0x08006534       0x20 C:/devkitPro/devkitARM/bin/../lib/gcc/arm-none-eabi/15.1.0/../../../../arm-none-eabi/lib/thumb\libg.a(libc_a-wcsrtombs.o)
                0x08006534                _wcsrtombs_r
 .text.frexp    0x08006554       0x74 C:/devkitPro/devkitARM/bin/../lib/gcc/arm-none-eabi/15.1.0/../../../../arm-none-eabi/lib/thumb\libg.a(libm_a-s_frexp.o)
                0x08006554                frexp
 .text.__sfvwrite_r
                0x080065c8      0x31c C:/devkitPro/devkitARM/bin/../lib/gcc/arm-none-eabi/15.1.0/../../../../arm-none-eabi/lib/thumb\libg.a(libc_a-fvwrite.o)
                0x080065c8                __sfvwrite_r
 .text.__locale_mb_cur_max
                0x080068e4       0x20 C:/devkitPro/devkitARM/bin/../lib/gcc/arm-none-eabi/15.1.0/../../../../arm-none-eabi/lib/thumb\libg.a(libc_a-locale.o)
                0x080068e4                __locale_mb_cur_max
 .text.__ssprint_r
                0x08006904       0x60 C:/devkitPro/devkitARM/bin/../lib/gcc/arm-none-eabi/15.1.0/../../../../arm-none-eabi/lib/thumb\libg.a(libc_a-ssprint_r.o)
                0x08006904                __ssprint_r
 .text.strlen   0x08006964       0x60 C:/devkitPro/devkitARM/bin/../lib/gcc/arm-none-eabi/15.1.0/../../../../arm-none-eabi/lib/thumb\libg.a(libc_a-strlen.o)
                0x08006964                strlen
 .text._memalign_r
                0x080069c4      0x118 C:/devkitPro/devkitARM/bin/../lib/gcc/arm-none-eabi/15.1.0/../../../../arm-none-eabi/lib/thumb\libg.a(libc_a-malignr.o)
                0x080069c4                _memalign_r
 .text._wcsnrtombs_l
                0x08006adc      0x11c C:/devkitPro/devkitARM/bin/../lib/gcc/arm-none-eabi/15.1.0/../../../../arm-none-eabi/lib/thumb\libg.a(libc_a-wcsnrtombs.o)
                0x08006adc                _wcsnrtombs_l
 .text._wcsnrtombs_r
                0x08006bf8       0x40 C:/devkitPro/devkitARM/bin/../lib/gcc/arm-none-eabi/15.1.0/../../../../arm-none-eabi/lib/thumb\libg.a(libc_a-wcsnrtombs.o)
                0x08006bf8                _wcsnrtombs_r
 .text.stdio_exit_handler
                0x08006c38       0x20 C:/devkitPro/devkitARM/bin/../lib/gcc/arm-none-eabi/15.1.0/../../../../arm-none-eabi/lib/thumb\libg.a(libc_a-findfp.o)
 .text.cleanup_stdio
                0x08006c58       0x40 C:/devkitPro/devkitARM/bin/../lib/gcc/arm-none-eabi/15.1.0/../../../../arm-none-eabi/lib/thumb\libg.a(libc_a-findfp.o)
 .text.global_stdio_init.part.0
                0x08006c98      0x120 C:/devkitPro/devkitARM/bin/../lib/gcc/arm-none-eabi/15.1.0/../../../../arm-none-eabi/lib/thumb\libg.a(libc_a-findfp.o)
 .text.__sinit  0x08006db8       0x3c C:/devkitPro/devkitARM/bin/../lib/gcc/arm-none-eabi/15.1.0/../../../../arm-none-eabi/lib/thumb\libg.a(libc_a-findfp.o)
                0x08006db8                __sinit
 .text.__sfp_lock_acquire
                0x08006df4       0x14 C:/devkitPro/devkitARM/bin/../lib/gcc/arm-none-eabi/15.1.0/../../../../arm-none-eabi/lib/thumb\libg.a(libc_a-findfp.o)
                0x08006df4                __sfp_lock_acquire
 .text.__sfp_lock_release
                0x08006e08       0x14 C:/devkitPro/devkitARM/bin/../lib/gcc/arm-none-eabi/15.1.0/../../../../arm-none-eabi/lib/thumb\libg.a(libc_a-findfp.o)
                0x08006e08                __sfp_lock_release
 .text.__utf8_mbtowc
                0x08006e1c      0x24c C:/devkitPro/devkitARM/bin/../lib/gcc/arm-none-eabi/15.1.0/../../../../arm-none-eabi/lib/thumb\libg.a(libc_a-mbtowc_r.o)
                0x08006e1c                __utf8_mbtowc
 .text._fwalk_sglue
                0x08007068       0x4c C:/devkitPro/devkitARM/bin/../lib/gcc/arm-none-eabi/15.1.0/../../../../arm-none-eabi/lib/thumb\libg.a(libc_a-fwalk.o)
                0x08007068                _fwalk_sglue
 .text.__errno  0x080070b4        0xc C:/devkitPro/devkitARM/bin/../lib/gcc/arm-none-eabi/15.1.0/../../../../arm-none-eabi/lib/thumb\libg.a(libc_a-errno.o)
                0x080070b4                __errno
 .text._localeconv_r
                0x080070c0       0x1c C:/devkitPro/devkitARM/bin/../lib/gcc/arm-none-eabi/15.1.0/../../../../arm-none-eabi/lib/thumb\libg.a(libc_a-localeconv.o)
                0x080070c0                _localeconv_r
 .text.get_arg  0x080070dc      0x404 C:/devkitPro/devkitARM/bin/../lib/gcc/arm-none-eabi/15.1.0/../../../../arm-none-eabi/lib/thumb\libg.a(libc_a-vfprintf.o)
 .text._vfprintf_r
                0x080074e0     0x2390 C:/devkitPro/devkitARM/bin/../lib/gcc/arm-none-eabi/15.1.0/../../../../arm-none-eabi/lib/thumb\libg.a(libc_a-vfprintf.o)
                0x080074e0                _vfprintf_r
 .text.__sbprintf
                0x08009870       0x7c C:/devkitPro/devkitARM/bin/../lib/gcc/arm-none-eabi/15.1.0/../../../../arm-none-eabi/lib/thumb\libg.a(libc_a-vfprintf.o)
 .text.memchr   0x080098ec       0x74 C:/devkitPro/devkitARM/bin/../lib/gcc/arm-none-eabi/15.1.0/../../../../arm-none-eabi/lib/thumb\libg.a(libc_a-memchr-stub.o)
                0x080098ec                memchr
 .text.quorem   0x08009960      0x160 C:/devkitPro/devkitARM/bin/../lib/gcc/arm-none-eabi/15.1.0/../../../../arm-none-eabi/lib/thumb\libg.a(libc_a-dtoa.o)
 .text._dtoa_r  0x08009ac0     0x10b0 C:/devkitPro/devkitARM/bin/../lib/gcc/arm-none-eabi/15.1.0/../../../../arm-none-eabi/lib/thumb\libg.a(libc_a-dtoa.o)
                0x08009ac0                _dtoa_r
 .text._wcrtomb_r
                0x0800ab70       0x84 C:/devkitPro/devkitARM/bin/../lib/gcc/arm-none-eabi/15.1.0/../../../../arm-none-eabi/lib/thumb\libg.a(libc_a-wcrtomb.o)
                0x0800ab70                _wcrtomb_r
 .text.__sflush_r
                0x0800abf4      0x180 C:/devkitPro/devkitARM/bin/../lib/gcc/arm-none-eabi/15.1.0/../../../../arm-none-eabi/lib/thumb\libg.a(libc_a-fflush.o)
                0x0800abf4                __sflush_r
 .text._fflush_r
                0x0800ad74       0x70 C:/devkitPro/devkitARM/bin/../lib/gcc/arm-none-eabi/15.1.0/../../../../arm-none-eabi/lib/thumb\libg.a(libc_a-fflush.o)
                0x0800ad74                _fflush_r
 .text._realloc_r
                0x0800ade4      0x344 C:/devkitPro/devkitARM/bin/../lib/gcc/arm-none-eabi/15.1.0/../../../../arm-none-eabi/lib/thumb\libg.a(libc_a-reallocr.o)
                0x0800ade4                _realloc_r
 .text.__ssputs_r
                0x0800b128       0xd4 C:/devkitPro/devkitARM/bin/../lib/gcc/arm-none-eabi/15.1.0/../../../../arm-none-eabi/lib/thumb\libg.a(libc_a-ssputs_r.o)
                0x0800b128                __ssputs_r
 .text.__utf8_wctomb
                0x0800b1fc       0xbc C:/devkitPro/devkitARM/bin/../lib/gcc/arm-none-eabi/15.1.0/../../../../arm-none-eabi/lib/thumb\libg.a(libc_a-wctomb_r.o)
                0x0800b1fc                __utf8_wctomb
 .text.__swsetup_r
                0x0800b2b8       0xd4 C:/devkitPro/devkitARM/bin/../lib/gcc/arm-none-eabi/15.1.0/../../../../arm-none-eabi/lib/thumb\libg.a(libc_a-wsetup.o)
                0x0800b2b8                __swsetup_r
 .text.__sread  0x0800b38c       0x34 C:/devkitPro/devkitARM/bin/../lib/gcc/arm-none-eabi/15.1.0/../../../../arm-none-eabi/lib/thumb\libg.a(libc_a-stdio.o)
                0x0800b38c                __sread
 .text.__swrite
                0x0800b3c0       0x4c C:/devkitPro/devkitARM/bin/../lib/gcc/arm-none-eabi/15.1.0/../../../../arm-none-eabi/lib/thumb\libg.a(libc_a-stdio.o)
                0x0800b3c0                __swrite
 .text.__sseek  0x0800b40c       0x3c C:/devkitPro/devkitARM/bin/../lib/gcc/arm-none-eabi/15.1.0/../../../../arm-none-eabi/lib/thumb\libg.a(libc_a-stdio.o)
                0x0800b40c                __sseek
 .text.__sclose
                0x0800b448       0x10 C:/devkitPro/devkitARM/bin/../lib/gcc/arm-none-eabi/15.1.0/../../../../arm-none-eabi/lib/thumb\libg.a(libc_a-stdio.o)
                0x0800b448                __sclose
 .text.__assert_func
                0x0800b458       0x40 C:/devkitPro/devkitARM/bin/../lib/gcc/arm-none-eabi/15.1.0/../../../../arm-none-eabi/lib/thumb\libg.a(libc_a-assert.o)
                0x0800b458                __assert_func
 .text._Balloc  0x0800b498       0x5c C:/devkitPro/devkitARM/bin/../lib/gcc/arm-none-eabi/15.1.0/../../../../arm-none-eabi/lib/thumb\libg.a(libc_a-mprec.o)
                0x0800b498                _Balloc
 .text._Bfree   0x0800b4f4       0x14 C:/devkitPro/devkitARM/bin/../lib/gcc/arm-none-eabi/15.1.0/../../../../arm-none-eabi/lib/thumb\libg.a(libc_a-mprec.o)
                0x0800b4f4                _Bfree
 .text.__multadd
                0x0800b508       0xa8 C:/devkitPro/devkitARM/bin/../lib/gcc/arm-none-eabi/15.1.0/../../../../arm-none-eabi/lib/thumb\libg.a(libc_a-mprec.o)
                0x0800b508                __multadd
 .text.__hi0bits
                0x0800b5b0       0x60 C:/devkitPro/devkitARM/bin/../lib/gcc/arm-none-eabi/15.1.0/../../../../arm-none-eabi/lib/thumb\libg.a(libc_a-mprec.o)
                0x0800b5b0                __hi0bits
 .text.__lo0bits
                0x0800b610       0x8c C:/devkitPro/devkitARM/bin/../lib/gcc/arm-none-eabi/15.1.0/../../../../arm-none-eabi/lib/thumb\libg.a(libc_a-mprec.o)
                0x0800b610                __lo0bits
 .text.__i2b    0x0800b69c       0x64 C:/devkitPro/devkitARM/bin/../lib/gcc/arm-none-eabi/15.1.0/../../../../arm-none-eabi/lib/thumb\libg.a(libc_a-mprec.o)
                0x0800b69c                __i2b
 .text.__multiply
                0x0800b700      0x1b4 C:/devkitPro/devkitARM/bin/../lib/gcc/arm-none-eabi/15.1.0/../../../../arm-none-eabi/lib/thumb\libg.a(libc_a-mprec.o)
                0x0800b700                __multiply
 .text.__pow5mult
                0x0800b8b4       0xd8 C:/devkitPro/devkitARM/bin/../lib/gcc/arm-none-eabi/15.1.0/../../../../arm-none-eabi/lib/thumb\libg.a(libc_a-mprec.o)
                0x0800b8b4                __pow5mult
 .text.__lshift
                0x0800b98c       0xf8 C:/devkitPro/devkitARM/bin/../lib/gcc/arm-none-eabi/15.1.0/../../../../arm-none-eabi/lib/thumb\libg.a(libc_a-mprec.o)
                0x0800b98c                __lshift
 .text.__mcmp   0x0800ba84       0x50 C:/devkitPro/devkitARM/bin/../lib/gcc/arm-none-eabi/15.1.0/../../../../arm-none-eabi/lib/thumb\libg.a(libc_a-mprec.o)
                0x0800ba84                __mcmp
 .text.__mdiff  0x0800bad4      0x1a4 C:/devkitPro/devkitARM/bin/../lib/gcc/arm-none-eabi/15.1.0/../../../../arm-none-eabi/lib/thumb\libg.a(libc_a-mprec.o)
                0x0800bad4                __mdiff
 .text.__d2b    0x0800bc78       0xd4 C:/devkitPro/devkitARM/bin/../lib/gcc/arm-none-eabi/15.1.0/../../../../arm-none-eabi/lib/thumb\libg.a(libc_a-mprec.o)
                0x0800bc78                __d2b
 .text._fclose_r
                0x0800bd4c       0xdc C:/devkitPro/devkitARM/bin/../lib/gcc/arm-none-eabi/15.1.0/../../../../arm-none-eabi/lib/thumb\libg.a(libc_a-fclose.o)
                0x0800bd4c                _fclose_r
 .text.fiprintf
                0x0800be28       0x28 C:/devkitPro/devkitARM/bin/../lib/gcc/arm-none-eabi/15.1.0/../../../../arm-none-eabi/lib/thumb\libg.a(libc_a-fiprintf.o)
                0x0800be28                fiprintf
 .text.__sprint_r
                0x0800be50       0x24 C:/devkitPro/devkitARM/bin/../lib/gcc/arm-none-eabi/15.1.0/../../../../arm-none-eabi/lib/thumb\libg.a(libc_a-sprint_r.o)
                0x0800be50                __sprint_r
 .text.abort    0x0800be74       0x10 C:/devkitPro/devkitARM/bin/../lib/gcc/arm-none-eabi/15.1.0/../../../../arm-none-eabi/lib/thumb\libg.a(libc_a-abort.o)
                0x0800be74                abort
 .text.__smakebuf_r
                0x0800be84       0xe0 C:/devkitPro/devkitARM/bin/../lib/gcc/arm-none-eabi/15.1.0/../../../../arm-none-eabi/lib/thumb\libg.a(libc_a-makebuf.o)
                0x0800be84                __smakebuf_r
 .text._raise_r
                0x0800bf64       0x60 C:/devkitPro/devkitARM/bin/../lib/gcc/arm-none-eabi/15.1.0/../../../../arm-none-eabi/lib/thumb\libg.a(libc_a-signal.o)
                0x0800bf64                _raise_r
 .text.raise    0x0800bfc4       0x14 C:/devkitPro/devkitARM/bin/../lib/gcc/arm-none-eabi/15.1.0/../../../../arm-none-eabi/lib/thumb\libg.a(libc_a-signal.o)
                0x0800bfc4                raise
 .text.get_arg  0x0800bfd8      0x404 C:/devkitPro/devkitARM/bin/../lib/gcc/arm-none-eabi/15.1.0/../../../../arm-none-eabi/lib/thumb\libg.a(libc_a-vfiprintf.o)
 .text._vfiprintf_r
                0x0800c3dc     0x16d0 C:/devkitPro/devkitARM/bin/../lib/gcc/arm-none-eabi/15.1.0/../../../../arm-none-eabi/lib/thumb\libg.a(libc_a-vfiprintf.o)
                0x0800c3dc                _vfiprintf_r
 .text.__sbprintf
                0x0800daac       0x7c C:/devkitPro/devkitARM/bin/../lib/gcc/arm-none-eabi/15.1.0/../../../../arm-none-eabi/lib/thumb\libg.a(libc_a-vfiprintf.o)
 .text._exit    0x0800db28       0x14 C:/devkitPro/devkitARM/bin/../lib/gcc/arm-none-eabi/15.1.0/../../../../arm-none-eabi/lib/thumb\libsysbase.a(libsysbase_libsysbase_a-_exit.o)
                0x0800db28                _exit
 .text._fstat_r
                0x0800db3c       0x5c C:/devkitPro/devkitARM/bin/../lib/gcc/arm-none-eabi/15.1.0/../../../../arm-none-eabi/lib/thumb\libsysbase.a(libsysbase_libsysbase_a-fstat.o)
                0x0800db3c                _fstat_r
 .text._getpid_r
                0x0800db98        0xc C:/devkitPro/devkitARM/bin/../lib/gcc/arm-none-eabi/15.1.0/../../../../arm-none-eabi/lib/thumb\libsysbase.a(libsysbase_libsysbase_a-getpid.o)
                0x0800db98                _getpid_r
 .text.__getreent
                0x0800dba4       0x20 C:/devkitPro/devkitARM/bin/../lib/gcc/arm-none-eabi/15.1.0/../../../../arm-none-eabi/lib/thumb\libsysbase.a(libsysbase_libsysbase_a-getreent.o)
                0x0800dba4                __getreent
 .text.__get_handle
                0x0800dbc4       0x34 C:/devkitPro/devkitARM/bin/../lib/gcc/arm-none-eabi/15.1.0/../../../../arm-none-eabi/lib/thumb\libsysbase.a(libsysbase_libsysbase_a-handle_manager.o)
                0x0800dbc4                __get_handle
 .text._close_r
                0x0800dbf8       0xb0 C:/devkitPro/devkitARM/bin/../lib/gcc/arm-none-eabi/15.1.0/../../../../arm-none-eabi/lib/thumb\libsysbase.a(libsysbase_libsysbase_a-handle_manager.o)
                0x0800dbf8                _close_r
 .text.null_write
                0x0800dca8        0x4 C:/devkitPro/devkitARM/bin/../lib/gcc/arm-none-eabi/15.1.0/../../../../arm-none-eabi/lib/thumb\libsysbase.a(libsysbase_libsysbase_a-iosupport.o)
 .text._isatty_r
                0x0800dcac        0x4 C:/devkitPro/devkitARM/bin/../lib/gcc/arm-none-eabi/15.1.0/../../../../arm-none-eabi/lib/thumb\libsysbase.a(libsysbase_libsysbase_a-isatty.o)
                0x0800dcac                _isatty_r
 .text._kill_r  0x0800dcb0        0xc C:/devkitPro/devkitARM/bin/../lib/gcc/arm-none-eabi/15.1.0/../../../../arm-none-eabi/lib/thumb\libsysbase.a(libsysbase_libsysbase_a-kill.o)
                0x0800dcb0                _kill_r
 .text._lseek_r
                0x0800dcbc       0x64 C:/devkitPro/devkitARM/bin/../lib/gcc/arm-none-eabi/15.1.0/../../../../arm-none-eabi/lib/thumb\libsysbase.a(libsysbase_libsysbase_a-lseek.o)
                0x0800dcbc                _lseek_r
 .text._read_r  0x0800dd20       0x5c C:/devkitPro/devkitARM/bin/../lib/gcc/arm-none-eabi/15.1.0/../../../../arm-none-eabi/lib/thumb\libsysbase.a(libsysbase_libsysbase_a-read.o)
                0x0800dd20                _read_r
 .text._sbrk_r  0x0800dd7c       0x50 C:/devkitPro/devkitARM/bin/../lib/gcc/arm-none-eabi/15.1.0/../../../../arm-none-eabi/lib/thumb\libsysbase.a(libsysbase_libsysbase_a-sbrk.o)
                0x0800dd7c                _sbrk_r
 .text.__libc_lock_acquire
                0x0800ddcc       0x18 C:/devkitPro/devkitARM/bin/../lib/gcc/arm-none-eabi/15.1.0/../../../../arm-none-eabi/lib/thumb\libsysbase.a(libsysbase_libsysbase_a-syscall_support.o)
                0x0800ddcc                __libc_lock_acquire
 .text.__libc_lock_release
                0x0800dde4       0x18 C:/devkitPro/devkitARM/bin/../lib/gcc/arm-none-eabi/15.1.0/../../../../arm-none-eabi/lib/thumb\libsysbase.a(libsysbase_libsysbase_a-syscall_support.o)
                0x0800dde4                __libc_lock_release
 .text.__libc_lock_acquire_recursive
                0x0800ddfc       0x18 C:/devkitPro/devkitARM/bin/../lib/gcc/arm-none-eabi/15.1.0/../../../../arm-none-eabi/lib/thumb\libsysbase.a(libsysbase_libsysbase_a-syscall_support.o)
                0x0800ddfc                __libc_lock_acquire_recursive
 .text.__libc_lock_release_recursive
                0x0800de14       0x18 C:/devkitPro/devkitARM/bin/../lib/gcc/arm-none-eabi/15.1.0/../../../../arm-none-eabi/lib/thumb\libsysbase.a(libsysbase_libsysbase_a-syscall_support.o)
                0x0800de14                __libc_lock_release_recursive
 .text._write_r
                0x0800de2c       0x5c C:/devkitPro/devkitARM/bin/../lib/gcc/arm-none-eabi/15.1.0/../../../../arm-none-eabi/lib/thumb\libsysbase.a(libsysbase_libsysbase_a-write.o)
                0x0800de2c                _write_r
 .text          0x0800de88       0x14 C:/devkitPro/devkitARM/bin/../lib/gcc/arm-none-eabi/15.1.0/thumb\libgcc.a(_thumb1_case_uqi.o)
                0x0800de88                __gnu_thumb1_case_uqi
 .text          0x0800de9c       0x14 C:/devkitPro/devkitARM/bin/../lib/gcc/arm-none-eabi/15.1.0/thumb\libgcc.a(_thumb1_case_uhi.o)
                0x0800de9c                __gnu_thumb1_case_uhi
 .text          0x0800deb0      0x11c C:/devkitPro/devkitARM/bin/../lib/gcc/arm-none-eabi/15.1.0/thumb\libgcc.a(_udivsi3.o)
                0x0800deb0                __aeabi_uidiv
                0x0800deb0                __udivsi3
                0x0800dfac                __aeabi_uidivmod
 .text          0x0800dfcc      0x424 C:/devkitPro/devkitARM/bin/../lib/gcc/arm-none-eabi/15.1.0/thumb\libgcc.a(_arm_addsubdf3.o)
                0x0800dfcc                __aeabi_drsub
                0x0800dfd4                __aeabi_dsub
                0x0800dfd4                __subdf3
                0x0800dfd8                __aeabi_dadd
                0x0800dfd8                __adddf3
                0x0800e2e8                __floatunsidf
                0x0800e2e8                __aeabi_ui2d
                0x0800e30c                __floatsidf
                0x0800e30c                __aeabi_i2d
                0x0800e334                __aeabi_f2d
                0x0800e334                __extendsfdf2
                0x0800e37c                __floatundidf
                0x0800e37c                __aeabi_ul2d
                0x0800e390                __floatdidf
                0x0800e390                __aeabi_l2d
 .text          0x0800e3f0      0x49c C:/devkitPro/devkitARM/bin/../lib/gcc/arm-none-eabi/15.1.0/thumb\libgcc.a(_arm_muldivdf3.o)
                0x0800e3f0                __aeabi_dmul
                0x0800e3f0                __muldf3
                0x0800e680                __divdf3
                0x0800e680                __aeabi_ddiv
 .text          0x0800e88c      0x144 C:/devkitPro/devkitARM/bin/../lib/gcc/arm-none-eabi/15.1.0/thumb\libgcc.a(_arm_cmpdf2.o)
                0x0800e88c                __gtdf2
                0x0800e88c                __gedf2
                0x0800e894                __ltdf2
                0x0800e894                __ledf2
                0x0800e89c                __nedf2
                0x0800e89c                __eqdf2
                0x0800e89c                __cmpdf2
                0x0800e924                __aeabi_cdrcmple
                0x0800e940                __aeabi_cdcmpeq
                0x0800e940                __aeabi_cdcmple
                0x0800e958                __aeabi_dcmpeq
                0x0800e970                __aeabi_dcmplt
                0x0800e988                __aeabi_dcmple
                0x0800e9a0                __aeabi_dcmpge
                0x0800e9b8                __aeabi_dcmpgt
 .text          0x0800e9d0       0x38 C:/devkitPro/devkitARM/bin/../lib/gcc/arm-none-eabi/15.1.0/thumb\libgcc.a(_arm_unorddf2.o)
                0x0800e9d0                __unorddf2
                0x0800e9d0                __aeabi_dcmpun
 .text          0x0800ea08       0x5c C:/devkitPro/devkitARM/bin/../lib/gcc/arm-none-eabi/15.1.0/thumb\libgcc.a(_arm_fixdfsi.o)
                0x0800ea08                __aeabi_d2iz
                0x0800ea08                __fixdfsi
 .text          0x0800ea64       0x3c C:/devkitPro/devkitARM/bin/../lib/gcc/arm-none-eabi/15.1.0/thumb\libgcc.a(_aeabi_uldivmod.o)
                0x0800ea64                __aeabi_uldivmod
 .text.__udivmoddi4
                0x0800eaa0      0x194 C:/devkitPro/devkitARM/bin/../lib/gcc/arm-none-eabi/15.1.0/thumb\libgcc.a(_udivmoddi4.o)
                0x0800eaa0                __udivmoddi4
 .text          0x0800ec34       0x28 C:/devkitPro/devkitARM/bin/../lib/gcc/arm-none-eabi/15.1.0/thumb\libgcc.a(_clzdi2.o)
                0x0800ec34                __clzdi2
 .text          0x0800ec5c       0x48 C:/devkitPro/devkitARM/bin/../lib/gcc/arm-none-eabi/15.1.0/thumb\libgcc.a(_clzsi2.o)
                0x0800ec5c                __clzsi2
 *fill*         0x0800eca4        0x4 ff
 .text.__stub   0x0800eca8       0xb4 linker stubs
 *(.gnu.linkonce.t.*)
 *(.text.*personality*)
 *(.gnu.warning)
 *(.glue_7t)
 .glue_7t       0x0800ed68        0x0 linker stubs
 *(.glue_7)
 .glue_7        0x0800ed68        0x0 linker stubs
 *(.vfp11_veneer)
 .vfp11_veneer  0x0800ed68        0x0 linker stubs
                0x0800ed68                        . = ALIGN (0x4)
                0x0800ed68                        __text_end = .

.v4_bx          0x0800ed68        0x0
 .v4_bx         0x0800ed68        0x0 linker stubs

.iplt           0x0800ed68        0x0
 .iplt          0x0800ed68        0x0 C:/devkitPro/devkitARM/bin/../lib/gcc/arm-none-eabi/15.1.0/../../../../arm-none-eabi/lib/thumb/gba_crt0.o

.fini           0x0800ed68        0xc
 *(.fini)
 .fini          0x0800ed68        0x4 C:/devkitPro/devkitARM/bin/../lib/gcc/arm-none-eabi/15.1.0/thumb/crti.o
                0x0800ed68                _fini
 .fini          0x0800ed6c        0x8 C:/devkitPro/devkitARM/bin/../lib/gcc/arm-none-eabi/15.1.0/thumb/crtn.o
                0x0800ed74                        . = ALIGN (0x4)

.rodata         0x0800ed78     0x5598
 *(.rodata)
 .rodata        0x0800ed78      0x2a0 main.o
 .rodata        0x0800f018      0x398 turkish.o
                0x0800f018                turkishFont
                0x0800f030                turkishGlyphs
 .rodata        0x0800f3b0       0x48 anchor_sprite.o
                0x0800f3b0                anchor_spriteTiles
                0x0800f3f0                anchor_spritePal
 .rodata        0x0800f3f8       0x88 cursor_sprite.o
                0x0800f3f8                cursor_spriteTiles
                0x0800f478                cursor_spritePal
 .rodata        0x0800f480     0x2840 msg_info.o
                0x0800f480                msg_infoTiles
                0x080112c0                msg_infoMap
                0x08011ac0                msg_infoPal
 .rodata        0x08011cc0      0x812 sending.o
                0x08011cc0                sendingTiles
                0x080124c0                sendingPal
 *fill*         0x080124d2        0x2 ff
 .rodata        0x080124d4     0x1280 sensor.o
                0x080124d4                sensorTiles
                0x08012d54                sensorMap
                0x08013554                sensorPal
 .rodata        0x08013754       0x38 C:/devkitPro/libtonc/lib\libtonc.a(tonc_irq.o)
 .rodata        0x0801378c      0x150 C:/devkitPro/libtonc/lib\libtonc.a(tte_main.o)
 .rodata        0x080138dc      0x318 C:/devkitPro/libtonc/lib\libtonc.a(sys8.o)
                0x080138dc                sys8Font
                0x080138f4                sys8Glyphs
 .rodata        0x08013bf4       0x1c C:/devkitPro/libtonc/lib\libtonc.a(tonc_surface.o)
 *all.rodata*(*)
 *(.roda)
 *(.rodata.*)
 .rodata.str1.4
                0x08013c10      0x20c anchor.o
                                 0x19 (size before relaxing)
 .rodata.str1.4
                0x08013e1c       0x19 cursor.o
 .rodata.str1.4
                0x08013e1c        0xb gapbuf.o
 .rodata.str1.4
                0x08013e1c        0x2 main.o
 .rodata.str1.4
                0x08013e1c       0x63 visual.o
 .rodata.__utoa.str1.4
                0x08013e1c       0x25 C:/devkitPro/devkitARM/bin/../lib/gcc/arm-none-eabi/15.1.0/../../../../arm-none-eabi/lib/thumb\libg.a(libc_a-utoa.o)
 .rodata._puts_r.str1.4
                0x08013e1c        0x2 C:/devkitPro/devkitARM/bin/../lib/gcc/arm-none-eabi/15.1.0/../../../../arm-none-eabi/lib/thumb\libg.a(libc_a-puts.o)
 .rodata._svfprintf_r.str1.1
                0x08013e1c       0x3b C:/devkitPro/devkitARM/bin/../lib/gcc/arm-none-eabi/15.1.0/../../../../arm-none-eabi/lib/thumb\libg.a(libc_a-svfprintf.o)
 *fill*         0x08013e57        0x1 ff
 .rodata.zeroes.0
                0x08013e58       0x10 C:/devkitPro/devkitARM/bin/../lib/gcc/arm-none-eabi/15.1.0/../../../../arm-none-eabi/lib/thumb\libg.a(libc_a-svfprintf.o)
 .rodata.blanks.1
                0x08013e68       0x10 C:/devkitPro/devkitARM/bin/../lib/gcc/arm-none-eabi/15.1.0/../../../../arm-none-eabi/lib/thumb\libg.a(libc_a-svfprintf.o)
 .rodata._ctype_
                0x08013e78      0x101 C:/devkitPro/devkitARM/bin/../lib/gcc/arm-none-eabi/15.1.0/../../../../arm-none-eabi/lib/thumb\libg.a(libc_a-ctype_.o)
                0x08013e78                _ctype_
 *fill*         0x08013f79        0x3 ff
 .rodata.__action_table
                0x08013f7c       0x6c C:/devkitPro/devkitARM/bin/../lib/gcc/arm-none-eabi/15.1.0/../../../../arm-none-eabi/lib/thumb\libg.a(libc_a-svfiprintf.o)
                0x08013f7c                __action_table
 .rodata.__state_table
                0x08013fe8       0x6c C:/devkitPro/devkitARM/bin/../lib/gcc/arm-none-eabi/15.1.0/../../../../arm-none-eabi/lib/thumb\libg.a(libc_a-svfiprintf.o)
                0x08013fe8                __state_table
 .rodata.__chclass
                0x08014054      0x100 C:/devkitPro/devkitARM/bin/../lib/gcc/arm-none-eabi/15.1.0/../../../../arm-none-eabi/lib/thumb\libg.a(libc_a-svfiprintf.o)
                0x08014054                __chclass
 .rodata.str1.4
                0x08014154       0x4c C:/devkitPro/devkitARM/bin/../lib/gcc/arm-none-eabi/15.1.0/../../../../arm-none-eabi/lib/thumb\libg.a(libc_a-locale.o)
 .rodata._vfprintf_r.str1.1
                0x08014154       0x3b C:/devkitPro/devkitARM/bin/../lib/gcc/arm-none-eabi/15.1.0/../../../../arm-none-eabi/lib/thumb\libg.a(libc_a-vfprintf.o)
 .rodata.zeroes.0
                0x08014154       0x10 C:/devkitPro/devkitARM/bin/../lib/gcc/arm-none-eabi/15.1.0/../../../../arm-none-eabi/lib/thumb\libg.a(libc_a-vfprintf.o)
 .rodata.blanks.1
                0x08014164       0x10 C:/devkitPro/devkitARM/bin/../lib/gcc/arm-none-eabi/15.1.0/../../../../arm-none-eabi/lib/thumb\libg.a(libc_a-vfprintf.o)
 .rodata._dtoa_r.str1.4
                0x08014174       0x67 C:/devkitPro/devkitARM/bin/../lib/gcc/arm-none-eabi/15.1.0/../../../../arm-none-eabi/lib/thumb\libg.a(libc_a-dtoa.o)
 .rodata.__assert_func.str1.4
                0x08014174       0x43 C:/devkitPro/devkitARM/bin/../lib/gcc/arm-none-eabi/15.1.0/../../../../arm-none-eabi/lib/thumb\libg.a(libc_a-assert.o)
 .rodata.__multadd.str1.4
                0x08014174       0x54 C:/devkitPro/devkitARM/bin/../lib/gcc/arm-none-eabi/15.1.0/../../../../arm-none-eabi/lib/thumb\libg.a(libc_a-mprec.o)
 .rodata.p05.0  0x08014174        0xc C:/devkitPro/devkitARM/bin/../lib/gcc/arm-none-eabi/15.1.0/../../../../arm-none-eabi/lib/thumb\libg.a(libc_a-mprec.o)
 .rodata.__mprec_bigtens
                0x08014180       0x28 C:/devkitPro/devkitARM/bin/../lib/gcc/arm-none-eabi/15.1.0/../../../../arm-none-eabi/lib/thumb\libg.a(libc_a-mprec.o)
                0x08014180                __mprec_bigtens
 .rodata.__mprec_tens
                0x080141a8       0xc8 C:/devkitPro/devkitARM/bin/../lib/gcc/arm-none-eabi/15.1.0/../../../../arm-none-eabi/lib/thumb\libg.a(libc_a-mprec.o)
                0x080141a8                __mprec_tens
 .rodata._vfiprintf_r.str1.1
                0x08014270       0x29 C:/devkitPro/devkitARM/bin/../lib/gcc/arm-none-eabi/15.1.0/../../../../arm-none-eabi/lib/thumb\libg.a(libc_a-vfiprintf.o)
 .rodata.zeroes.0
                0x08014270       0x10 C:/devkitPro/devkitARM/bin/../lib/gcc/arm-none-eabi/15.1.0/../../../../arm-none-eabi/lib/thumb\libg.a(libc_a-vfiprintf.o)
 .rodata.blanks.1
                0x08014280       0x10 C:/devkitPro/devkitARM/bin/../lib/gcc/arm-none-eabi/15.1.0/../../../../arm-none-eabi/lib/thumb\libg.a(libc_a-vfiprintf.o)
 .rodata.AddDevice.str1.4
                0x08014290        0x8 C:/devkitPro/devkitARM/bin/../lib/gcc/arm-none-eabi/15.1.0/../../../../arm-none-eabi/lib/thumb\libsysbase.a(libsysbase_libsysbase_a-iosupport.o)
 .rodata.dotab_stdnull
                0x08014290       0x80 C:/devkitPro/devkitARM/bin/../lib/gcc/arm-none-eabi/15.1.0/../../../../arm-none-eabi/lib/thumb\libsysbase.a(libsysbase_libsysbase_a-iosupport.o)
                0x08014290                dotab_stdnull
 *(.gnu.linkonce.r*)
                0x08014310                        . = ALIGN (0x4)

.ARM.extab
 *(.ARM.extab* .gnu.linkonce.armextab.*)
                0x08014310                        __exidx_start = .

.ARM.exidx
 *(.ARM.exidx* .gnu.linkonce.armexidx.*)
                0x08014310                        __exidx_end = .

.ctors          0x08014310        0x0
 *crtbegin.o(.ctors)
 *(EXCLUDE_FILE(*crtend.o) .ctors)
 *(SORT_BY_NAME(.ctors.*))
 *(.ctors)
                0x08014310                        . = ALIGN (0x4)

.dtors          0x08014310        0x0
 *crtbegin.o(.dtors)
 *(EXCLUDE_FILE(*crtend.o) .dtors)
 *(SORT_BY_NAME(.dtors.*))
 *(.dtors)
                0x08014310                        . = ALIGN (0x4)

.eh_frame       0x08014310        0x4
 *(.eh_frame)
 .eh_frame      0x08014310        0x0 C:/devkitPro/devkitARM/bin/../lib/gcc/arm-none-eabi/15.1.0/thumb/crtbegin.o
 .eh_frame      0x08014310        0x4 C:/devkitPro/devkitARM/bin/../lib/gcc/arm-none-eabi/15.1.0/thumb/crtend.o
                0x08014314                        . = ALIGN (0x4)

.gcc_except_table
                0x08014314        0x0
 *(.gcc_except_table)
                0x08014314                        . = ALIGN (0x4)
                0x08014314                        __iwram_lma = .

.iwram          0x03000000      0xcc8 load address 0x08014314
                0x03000000                        __iwram_start__ = ABSOLUTE (.)
 *(.iwram .iwram*)
 .iwram         0x03000000       0x64 interrupt.o
                0x03000000                sio_handle_irq_slave
                0x03000028                slave_routine
 .iwram         0x03000064      0x91c main.o
                0x03000064                normal_to_select
                0x03000088                select_to_normal
                0x030000a4                editor_to_mail
                0x030000d0                editor_to_sensor
                0x03000108                sensor_to_editor
                0x03000120                mail_to_editor
                0x03000138                scroll
                0x030001a4                handle_data_select
                0x03000494                handle_data_normal
                0x03000728                handle_data_mail
                0x0300082c                handle_data_sensor
                0x0300085c                test_tte_se4
 .iwram         0x03000980       0xa4 C:/devkitPro/libtonc/lib\libtonc.a(tonc_isr_master.o)
                0x03000980                isr_master
 .iwram         0x03000a24       0x38 C:/devkitPro/libtonc/lib\libtonc.a(tonc_memcpy.o)
                0x03000a24                memcpy32
 .iwram         0x03000a5c       0x4c C:/devkitPro/libtonc/lib\libtonc.a(tonc_memset.o)
                0x03000a5c                memset32
 .iwram.__stub  0x03000aa8      0x220 linker stubs
 *iwram.*(.text* .data*)
                0x03000cc8                        . = ALIGN (0x4)
                0x03000cc8                        __iwram_end__ = ABSOLUTE (.)
                0x08014fdc                        __data_lma = (__iwram_lma + SIZEOF (.iwram))

.bss            0x03000cc8      0x6e4
                0x03000cc8                        __bss_start = ABSOLUTE (.)
                0x03000cc8                        __bss_start__ = ABSOLUTE (.)
 *(.dynbss)
 *(.gnu.linkonce.b*)
 *(.bss*)
 .bss.completed.1
                0x03000cc8        0x1 C:/devkitPro/devkitARM/bin/../lib/gcc/arm-none-eabi/15.1.0/thumb/crtbegin.o
 *fill*         0x03000cc9        0x3 
 .bss.object.0  0x03000ccc       0x18 C:/devkitPro/devkitARM/bin/../lib/gcc/arm-none-eabi/15.1.0/thumb/crtbegin.o
 .bss           0x03000ce4      0x43c main.o
                0x03000ce4                last_temperature
                0x03000ce8                last_humidity
                0x03000cec                g_mail
                0x03000cf0                prev_state
                0x03000cf4                app
                0x03000cf8                g_cursor
                0x03000cfc                screen_top
                0x03000d00                g_anchor
                0x03000d04                g_gb
                0x03000d08                g_v
                0x03000d0c                sending
                0x03000d10                msg
                0x03000d14                got_new_data
                0x03000d18                receiving_sensor_data
                0x03000d1c                sensor_data_count
                0x03000d20                obj_buffer
 .bss           0x03001120        0x4 C:/devkitPro/libtonc/lib\libtonc.a(tonc_input.o)
                0x03001120                __key_curr
                0x03001122                __key_prev
 .bss           0x03001124       0x78 C:/devkitPro/libtonc/lib\libtonc.a(tonc_irq.o)
                0x03001124                __isr_table
 .bss           0x0300119c       0x48 C:/devkitPro/libtonc/lib\libtonc.a(tte_main.o)
                0x0300119c                __tte_main_context
 .bss.__malloc_current_mallinfo
                0x030011e4       0x28 C:/devkitPro/devkitARM/bin/../lib/gcc/arm-none-eabi/15.1.0/../../../../arm-none-eabi/lib/thumb\libg.a(libc_a-mallocr.o)
                0x030011e4                __malloc_current_mallinfo
 .bss.__malloc_max_total_mem
                0x0300120c        0x4 C:/devkitPro/devkitARM/bin/../lib/gcc/arm-none-eabi/15.1.0/../../../../arm-none-eabi/lib/thumb\libg.a(libc_a-mallocr.o)
                0x0300120c                __malloc_max_total_mem
 .bss.__malloc_max_sbrked_mem
                0x03001210        0x4 C:/devkitPro/devkitARM/bin/../lib/gcc/arm-none-eabi/15.1.0/../../../../arm-none-eabi/lib/thumb\libg.a(libc_a-mallocr.o)
                0x03001210                __malloc_max_sbrked_mem
 .bss.__malloc_top_pad
                0x03001214        0x4 C:/devkitPro/devkitARM/bin/../lib/gcc/arm-none-eabi/15.1.0/../../../../arm-none-eabi/lib/thumb\libg.a(libc_a-mallocr.o)
                0x03001214                __malloc_top_pad
 .bss.__malloc_recursive_mutex
                0x03001218        0xc C:/devkitPro/devkitARM/bin/../lib/gcc/arm-none-eabi/15.1.0/../../../../arm-none-eabi/lib/thumb\libg.a(libc_a-mlock.o)
 .bss.__sfp_recursive_mutex
                0x03001224        0xc C:/devkitPro/devkitARM/bin/../lib/gcc/arm-none-eabi/15.1.0/../../../../arm-none-eabi/lib/thumb\libg.a(libc_a-findfp.o)
 .bss.__sf      0x03001230      0x168 C:/devkitPro/devkitARM/bin/../lib/gcc/arm-none-eabi/15.1.0/../../../../arm-none-eabi/lib/thumb\libg.a(libc_a-findfp.o)
                0x03001230                __sf
 .bss.__stdio_exit_handler
                0x03001398        0x4 C:/devkitPro/devkitARM/bin/../lib/gcc/arm-none-eabi/15.1.0/../../../../arm-none-eabi/lib/thumb\libg.a(libc_a-findfp.o)
                0x03001398                __stdio_exit_handler
 .bss.__hndl_lock
                0x0300139c        0x4 C:/devkitPro/devkitARM/bin/../lib/gcc/arm-none-eabi/15.1.0/../../../../arm-none-eabi/lib/thumb\libsysbase.a(libsysbase_libsysbase_a-handle_manager.o)
 .bss.fake_heap_start
                0x030013a0        0x4 C:/devkitPro/devkitARM/bin/../lib/gcc/arm-none-eabi/15.1.0/../../../../arm-none-eabi/lib/thumb\libsysbase.a(libsysbase_libsysbase_a-malloc_vars.o)
                0x030013a0                fake_heap_start
 .bss.fake_heap_end
                0x030013a4        0x4 C:/devkitPro/devkitARM/bin/../lib/gcc/arm-none-eabi/15.1.0/../../../../arm-none-eabi/lib/thumb\libsysbase.a(libsysbase_libsysbase_a-malloc_vars.o)
                0x030013a4                fake_heap_end
 .bss.heap_start.0
                0x030013a8        0x4 C:/devkitPro/devkitARM/bin/../lib/gcc/arm-none-eabi/15.1.0/../../../../arm-none-eabi/lib/thumb\libsysbase.a(libsysbase_libsysbase_a-sbrk.o)
 *(COMMON)
                0x030013ac                        . = ALIGN (0x4)
                0x030013ac                        __bss_end__ = ABSOLUTE (.)

.data           0x030013ac     0x178c load address 0x08014fdc
                0x030013ac                        __data_start__ = ABSOLUTE (.)
 *(.data*)
 .data          0x030013ac        0x4 main.o
                0x030013ac                screen_bottom
 .data          0x030013b0        0x4 C:/devkitPro/libtonc/lib\libtonc.a(tte_main.o)
                0x030013b0                gp_tte_context
 .data.__malloc_sbrk_base
                0x030013b4        0x4 C:/devkitPro/devkitARM/bin/../lib/gcc/arm-none-eabi/15.1.0/../../../../arm-none-eabi/lib/thumb\libg.a(libc_a-mallocr.o)
                0x030013b4                __malloc_sbrk_base
 .data.__malloc_trim_threshold
                0x030013b8        0x4 C:/devkitPro/devkitARM/bin/../lib/gcc/arm-none-eabi/15.1.0/../../../../arm-none-eabi/lib/thumb\libg.a(libc_a-mallocr.o)
                0x030013b8                __malloc_trim_threshold
 *fill*         0x030013bc        0x4 ff
 .data.__malloc_av_
                0x030013c0      0x408 C:/devkitPro/devkitARM/bin/../lib/gcc/arm-none-eabi/15.1.0/../../../../arm-none-eabi/lib/thumb\libg.a(libc_a-mallocr.o)
                0x030013c0                __malloc_av_
 .data.__global_locale
                0x030017c8      0x16c C:/devkitPro/devkitARM/bin/../lib/gcc/arm-none-eabi/15.1.0/../../../../arm-none-eabi/lib/thumb\libg.a(libc_a-locale.o)
                0x030017c8                __global_locale
 .data.__sglue  0x03001934        0xc C:/devkitPro/devkitARM/bin/../lib/gcc/arm-none-eabi/15.1.0/../../../../arm-none-eabi/lib/thumb\libg.a(libc_a-findfp.o)
                0x03001934                __sglue
 .data._impure_ptr
                0x03001940        0x4 C:/devkitPro/devkitARM/bin/../lib/gcc/arm-none-eabi/15.1.0/../../../../arm-none-eabi/lib/thumb\libg.a(libc_a-impure.o)
                0x03001940                _impure_ptr
 *fill*         0x03001944        0x4 ff
 .data._impure_data
                0x03001948      0x140 C:/devkitPro/devkitARM/bin/../lib/gcc/arm-none-eabi/15.1.0/../../../../arm-none-eabi/lib/thumb\libg.a(libc_a-impure.o)
                0x03001948                _impure_data
 .data.handles  0x03001a88     0x1000 C:/devkitPro/devkitARM/bin/../lib/gcc/arm-none-eabi/15.1.0/../../../../arm-none-eabi/lib/thumb\libsysbase.a(libsysbase_libsysbase_a-handle_manager.o)
 .data.__stderr_handle
                0x03002a88        0xc C:/devkitPro/devkitARM/bin/../lib/gcc/arm-none-eabi/15.1.0/../../../../arm-none-eabi/lib/thumb\libsysbase.a(libsysbase_libsysbase_a-handle_manager.o)
 .data.__stdout_handle
                0x03002a94        0xc C:/devkitPro/devkitARM/bin/../lib/gcc/arm-none-eabi/15.1.0/../../../../arm-none-eabi/lib/thumb\libsysbase.a(libsysbase_libsysbase_a-handle_manager.o)
 .data.__stdin_handle
                0x03002aa0        0xc C:/devkitPro/devkitARM/bin/../lib/gcc/arm-none-eabi/15.1.0/../../../../arm-none-eabi/lib/thumb\libsysbase.a(libsysbase_libsysbase_a-handle_manager.o)
 .data.devoptab_list
                0x03002aac       0x8c C:/devkitPro/devkitARM/bin/../lib/gcc/arm-none-eabi/15.1.0/../../../../arm-none-eabi/lib/thumb\libsysbase.a(libsysbase_libsysbase_a-iosupport.o)
                0x03002aac                devoptab_list
 *(.gnu.linkonce.d*)
                0x03002b38                        . = ALIGN (0x4)
                0x08016768                        __preinit_lma = (__data_lma + SIZEOF (.data))

.igot.plt       0x03002b38        0x0 load address 0x08016768
 .igot.plt      0x03002b38        0x0 C:/devkitPro/devkitARM/bin/../lib/gcc/arm-none-eabi/15.1.0/../../../../arm-none-eabi/lib/thumb/gba_crt0.o

.preinit_array  0x03002b38        0x0 load address 0x08016768
                0x03002b38                        __preinit_array_start = ABSOLUTE (.)
 *(.preinit_array)
                0x03002b38                        __preinit_array_end = ABSOLUTE (.)
                0x08016768                        __init_lma = (__preinit_lma + SIZEOF (.preinit_array))

.init_array     0x03002b38        0x4 load address 0x08016768
                0x03002b38                        __init_array_start = ABSOLUTE (.)
 *(SORT_BY_NAME(.init_array.*))
 *(.init_array)
 .init_array    0x03002b38        0x4 C:/devkitPro/devkitARM/bin/../lib/gcc/arm-none-eabi/15.1.0/thumb/crtbegin.o
                0x03002b3c                        __init_array_end = ABSOLUTE (.)
                0x0801676c                        __fini_lma = (__init_lma + SIZEOF (.init_array))

.fini_array     0x03002b3c        0x4 load address 0x0801676c
                0x03002b3c                        __fini_array_start = ABSOLUTE (.)
 *(SORT_BY_NAME(.fini_array.*))
 *(.fini_array)
 .fini_array    0x03002b3c        0x4 C:/devkitPro/devkitARM/bin/../lib/gcc/arm-none-eabi/15.1.0/thumb/crtbegin.o
                0x03002b40                        __fini_array_end = ABSOLUTE (.)
                0x08016770                        __jcr_lma = (__fini_lma + SIZEOF (.fini_array))

.jcr
 *(.jcr)
                0x03002b40                        __data_end__ = ABSOLUTE (.)
                0x08016770                        __iwram_overlay_lma = (__jcr_lma + SIZEOF (.jcr))
                0x03002b40                        __iwram_overlay_start = .

.iwram0         0x03002b40        0x0 load address 0x08016770
 *(.iwram0)
                0x03002b40                        . = ALIGN (0x4)
                0x08016770                        PROVIDE (__load_start_iwram0 = LOADADDR (.iwram0))
                0x08016770                        PROVIDE (__load_stop_iwram0 = (LOADADDR (.iwram0) + SIZEOF (.iwram0)))

.iwram1         0x03002b40        0x0
 *(.iwram1)
                0x03002b40                        . = ALIGN (0x4)
                [!provide]                        PROVIDE (__load_start_iwram1 = LOADADDR (.iwram1))
                [!provide]                        PROVIDE (__load_stop_iwram1 = (LOADADDR (.iwram1) + SIZEOF (.iwram1)))

.iwram2         0x03002b40        0x0
 *(.iwram2)
                0x03002b40                        . = ALIGN (0x4)
                [!provide]                        PROVIDE (__load_start_iwram2 = LOADADDR (.iwram2))
                [!provide]                        PROVIDE (__load_stop_iwram2 = (LOADADDR (.iwram2) + SIZEOF (.iwram2)))

.iwram3         0x03002b40        0x0
 *(.iwram3)
                0x03002b40                        . = ALIGN (0x4)
                [!provide]                        PROVIDE (__load_start_iwram3 = LOADADDR (.iwram3))
                [!provide]                        PROVIDE (__load_stop_iwram3 = (LOADADDR (.iwram3) + SIZEOF (.iwram3)))

.iwram4         0x03002b40        0x0
 *(.iwram4)
                0x03002b40                        . = ALIGN (0x4)
                [!provide]                        PROVIDE (__load_start_iwram4 = LOADADDR (.iwram4))
                [!provide]                        PROVIDE (__load_stop_iwram4 = (LOADADDR (.iwram4) + SIZEOF (.iwram4)))

.iwram5         0x03002b40        0x0
 *(.iwram5)
                0x03002b40                        . = ALIGN (0x4)
                [!provide]                        PROVIDE (__load_start_iwram5 = LOADADDR (.iwram5))
                [!provide]                        PROVIDE (__load_stop_iwram5 = (LOADADDR (.iwram5) + SIZEOF (.iwram5)))

.iwram6         0x03002b40        0x0
 *(.iwram6)
                0x03002b40                        . = ALIGN (0x4)
                [!provide]                        PROVIDE (__load_start_iwram6 = LOADADDR (.iwram6))
                [!provide]                        PROVIDE (__load_stop_iwram6 = (LOADADDR (.iwram6) + SIZEOF (.iwram6)))

.iwram7         0x03002b40        0x0
 *(.iwram7)
                0x03002b40                        . = ALIGN (0x4)
                [!provide]                        PROVIDE (__load_start_iwram7 = LOADADDR (.iwram7))
                [!provide]                        PROVIDE (__load_stop_iwram7 = (LOADADDR (.iwram7) + SIZEOF (.iwram7)))

.iwram8         0x03002b40        0x0
 *(.iwram8)
                0x03002b40                        . = ALIGN (0x4)
                [!provide]                        PROVIDE (__load_start_iwram8 = LOADADDR (.iwram8))
                [!provide]                        PROVIDE (__load_stop_iwram8 = (LOADADDR (.iwram8) + SIZEOF (.iwram8)))

.iwram9         0x03002b40        0x0
 *(.iwram9)
                0x03002b40                        . = ALIGN (0x4)
                [!provide]                        PROVIDE (__load_start_iwram9 = LOADADDR (.iwram9))
                [!provide]                        PROVIDE (__load_stop_iwram9 = (LOADADDR (.iwram9) + SIZEOF (.iwram9)))
                0x03002b40                        __iwram_overlay_end = .
                0x08016770                        __ewram_lma = (__iwram_overlay_lma + (__iwram_overlay_end - __iwram_overlay_start))
                0x03002b40                        __iheap_start = .
                0x02000000                        __ewram_start = ORIGIN (ewram)

.ewram          0x02000000       0x5c load address 0x08016770
 *(.ewram*)
 .ewram         0x02000000       0x5c C:/devkitPro/libtonc/lib\libtonc.a(tonc_nocash.o)
                0x02000000                nocash_message
                0x02000008                nocash_buffer
                0x0200005c                        . = ALIGN (0x4)
                0x0200005c                        __ewram_end = ABSOLUTE (.)
                0x080167cc                        __pad_lma = (__ewram_lma + SIZEOF (.ewram))

.sbss           0x0200005c        0x0
                0x0200005c                        __sbss_start__ = ABSOLUTE (.)
 *(.sbss*)
                0x0200005c                        . = ALIGN (0x4)
                0x0200005c                        __sbss_end__ = ABSOLUTE (.)
                0x0200005c                        __end__ = ABSOLUTE (.)
                0x0200005c                        __eheap_start = ABSOLUTE (.)

.pad            0x0200005c        0x8 load address 0x080167cc
                0x0200005c        0x4 LONG 0x52416b64
                0x02000060        0x4 LONG 0x4d
                0x02000064                        . = ALIGN (0x4)
                0x080167d4                        __rom_end__ = (__pad_lma + SIZEOF (.pad))

.rel.dyn        0x02000064        0x0 load address 0x080167d4
 .rel.iplt      0x02000064        0x0 C:/devkitPro/devkitARM/bin/../lib/gcc/arm-none-eabi/15.1.0/../../../../arm-none-eabi/lib/thumb/gba_crt0.o

.stab
 *(.stab)

.stabstr
 *(.stabstr)

.stab.excl
 *(.stab.excl)

.stab.exclstr
 *(.stab.exclstr)

.stab.index
 *(.stab.index)

.stab.indexstr
 *(.stab.indexstr)

.comment        0x00000000       0x23
 *(.comment)
 .comment       0x00000000       0x23 C:/devkitPro/devkitARM/bin/../lib/gcc/arm-none-eabi/15.1.0/thumb/crtbegin.o
                                 0x24 (size before relaxing)
 .comment       0x00000023       0x24 anchor.o
 .comment       0x00000023       0x24 cursor.o
 .comment       0x00000023       0x24 gapbuf.o
 .comment       0x00000023       0x24 interrupt.o
 .comment       0x00000023       0x24 mail_screen.o
 .comment       0x00000023       0x24 main.o
 .comment       0x00000023       0x24 printdebug.o
 .comment       0x00000023       0x24 visual.o
 .comment       0x00000023       0x24 C:/devkitPro/libtonc/lib\libtonc.a(tonc_input.o)
 .comment       0x00000023       0x24 C:/devkitPro/libtonc/lib\libtonc.a(tonc_irq.o)
 .comment       0x00000023       0x24 C:/devkitPro/libtonc/lib\libtonc.a(tonc_oam.o)
 .comment       0x00000023       0x24 C:/devkitPro/libtonc/lib\libtonc.a(tte_init_se.o)
 .comment       0x00000023       0x24 C:/devkitPro/libtonc/lib\libtonc.a(tte_main.o)
 .comment       0x00000023       0x24 C:/devkitPro/libtonc/lib\libtonc.a(tonc_surface.o)
 .comment       0x00000023       0x24 C:/devkitPro/libtonc/lib\libtonc.a(se_drawg.o)
 .comment       0x00000023       0x24 C:/devkitPro/libtonc/lib\libtonc.a(tonc_sbmp16.o)
 .comment       0x00000023       0x24 C:/devkitPro/devkitARM/bin/../lib/gcc/arm-none-eabi/15.1.0/../../../../arm-none-eabi/lib/thumb\libg.a(libc_a-memmove.o)
 .comment       0x00000023       0x24 C:/devkitPro/devkitARM/bin/../lib/gcc/arm-none-eabi/15.1.0/../../../../arm-none-eabi/lib/thumb\libg.a(libc_a-itoa.o)
 .comment       0x00000023       0x24 C:/devkitPro/devkitARM/bin/../lib/gcc/arm-none-eabi/15.1.0/../../../../arm-none-eabi/lib/thumb\libg.a(libc_a-utoa.o)
 .comment       0x00000023       0x24 C:/devkitPro/devkitARM/bin/../lib/gcc/arm-none-eabi/15.1.0/../../../../arm-none-eabi/lib/thumb\libg.a(libc_a-init.o)
 .comment       0x00000023       0x24 C:/devkitPro/devkitARM/bin/../lib/gcc/arm-none-eabi/15.1.0/../../../../arm-none-eabi/lib/thumb\libg.a(libc_a-calloc.o)
 .comment       0x00000023       0x24 C:/devkitPro/devkitARM/bin/../lib/gcc/arm-none-eabi/15.1.0/../../../../arm-none-eabi/lib/thumb\libg.a(libc_a-vsnprintf.o)
 .comment       0x00000023       0x24 C:/devkitPro/devkitARM/bin/../lib/gcc/arm-none-eabi/15.1.0/../../../../arm-none-eabi/lib/thumb\libg.a(libc_a-puts.o)
 .comment       0x00000023       0x24 C:/devkitPro/devkitARM/bin/../lib/gcc/arm-none-eabi/15.1.0/../../../../arm-none-eabi/lib/thumb\libg.a(libc_a-callocr.o)
 .comment       0x00000023       0x24 C:/devkitPro/devkitARM/bin/../lib/gcc/arm-none-eabi/15.1.0/../../../../arm-none-eabi/lib/thumb\libg.a(libc_a-mallocr.o)
 .comment       0x00000023       0x24 C:/devkitPro/devkitARM/bin/../lib/gcc/arm-none-eabi/15.1.0/../../../../arm-none-eabi/lib/thumb\libg.a(libc_a-freer.o)
 .comment       0x00000023       0x24 C:/devkitPro/devkitARM/bin/../lib/gcc/arm-none-eabi/15.1.0/../../../../arm-none-eabi/lib/thumb\libg.a(libc_a-svfprintf.o)
 .comment       0x00000023       0x24 C:/devkitPro/devkitARM/bin/../lib/gcc/arm-none-eabi/15.1.0/../../../../arm-none-eabi/lib/thumb\libg.a(libc_a-printf.o)
 .comment       0x00000023       0x24 C:/devkitPro/devkitARM/bin/../lib/gcc/arm-none-eabi/15.1.0/../../../../arm-none-eabi/lib/thumb\libg.a(libc_a-strtol.o)
 .comment       0x00000023       0x24 C:/devkitPro/devkitARM/bin/../lib/gcc/arm-none-eabi/15.1.0/../../../../arm-none-eabi/lib/thumb\libg.a(libc_a-malloc.o)
 .comment       0x00000023       0x24 C:/devkitPro/devkitARM/bin/../lib/gcc/arm-none-eabi/15.1.0/../../../../arm-none-eabi/lib/thumb\libg.a(libc_a-ctype_.o)
 .comment       0x00000023       0x24 C:/devkitPro/devkitARM/bin/../lib/gcc/arm-none-eabi/15.1.0/../../../../arm-none-eabi/lib/thumb\libg.a(libc_a-memset.o)
 .comment       0x00000023       0x24 C:/devkitPro/devkitARM/bin/../lib/gcc/arm-none-eabi/15.1.0/../../../../arm-none-eabi/lib/thumb\libg.a(libc_a-mlock.o)
 .comment       0x00000023       0x24 C:/devkitPro/devkitARM/bin/../lib/gcc/arm-none-eabi/15.1.0/../../../../arm-none-eabi/lib/thumb\libg.a(libc_a-strncpy.o)
 .comment       0x00000023       0x24 C:/devkitPro/devkitARM/bin/../lib/gcc/arm-none-eabi/15.1.0/../../../../arm-none-eabi/lib/thumb\libg.a(libc_a-memcpy-stub.o)
 .comment       0x00000023       0x24 C:/devkitPro/devkitARM/bin/../lib/gcc/arm-none-eabi/15.1.0/../../../../arm-none-eabi/lib/thumb\libg.a(libc_a-wcsrtombs.o)
 .comment       0x00000023       0x24 C:/devkitPro/devkitARM/bin/../lib/gcc/arm-none-eabi/15.1.0/../../../../arm-none-eabi/lib/thumb\libg.a(libc_a-svfiprintf.o)
 .comment       0x00000023       0x24 C:/devkitPro/devkitARM/bin/../lib/gcc/arm-none-eabi/15.1.0/../../../../arm-none-eabi/lib/thumb\libg.a(libm_a-s_frexp.o)
 .comment       0x00000023       0x24 C:/devkitPro/devkitARM/bin/../lib/gcc/arm-none-eabi/15.1.0/../../../../arm-none-eabi/lib/thumb\libg.a(libc_a-fvwrite.o)
 .comment       0x00000023       0x24 C:/devkitPro/devkitARM/bin/../lib/gcc/arm-none-eabi/15.1.0/../../../../arm-none-eabi/lib/thumb\libg.a(libc_a-locale.o)
 .comment       0x00000023       0x24 C:/devkitPro/devkitARM/bin/../lib/gcc/arm-none-eabi/15.1.0/../../../../arm-none-eabi/lib/thumb\libg.a(libc_a-ssprint_r.o)
 .comment       0x00000023       0x24 C:/devkitPro/devkitARM/bin/../lib/gcc/arm-none-eabi/15.1.0/../../../../arm-none-eabi/lib/thumb\libg.a(libc_a-strlen.o)
 .comment       0x00000023       0x24 C:/devkitPro/devkitARM/bin/../lib/gcc/arm-none-eabi/15.1.0/../../../../arm-none-eabi/lib/thumb\libg.a(libc_a-malignr.o)
 .comment       0x00000023       0x24 C:/devkitPro/devkitARM/bin/../lib/gcc/arm-none-eabi/15.1.0/../../../../arm-none-eabi/lib/thumb\libg.a(libc_a-wcsnrtombs.o)
 .comment       0x00000023       0x24 C:/devkitPro/devkitARM/bin/../lib/gcc/arm-none-eabi/15.1.0/../../../../arm-none-eabi/lib/thumb\libg.a(libc_a-findfp.o)
 .comment       0x00000023       0x24 C:/devkitPro/devkitARM/bin/../lib/gcc/arm-none-eabi/15.1.0/../../../../arm-none-eabi/lib/thumb\libg.a(libc_a-mbtowc_r.o)
 .comment       0x00000023       0x24 C:/devkitPro/devkitARM/bin/../lib/gcc/arm-none-eabi/15.1.0/../../../../arm-none-eabi/lib/thumb\libg.a(libc_a-fwalk.o)
 .comment       0x00000023       0x24 C:/devkitPro/devkitARM/bin/../lib/gcc/arm-none-eabi/15.1.0/../../../../arm-none-eabi/lib/thumb\libg.a(libc_a-errno.o)
 .comment       0x00000023       0x24 C:/devkitPro/devkitARM/bin/../lib/gcc/arm-none-eabi/15.1.0/../../../../arm-none-eabi/lib/thumb\libg.a(libc_a-localeconv.o)
 .comment       0x00000023       0x24 C:/devkitPro/devkitARM/bin/../lib/gcc/arm-none-eabi/15.1.0/../../../../arm-none-eabi/lib/thumb\libg.a(libc_a-vfprintf.o)
 .comment       0x00000023       0x24 C:/devkitPro/devkitARM/bin/../lib/gcc/arm-none-eabi/15.1.0/../../../../arm-none-eabi/lib/thumb\libg.a(libc_a-memchr-stub.o)
 .comment       0x00000023       0x24 C:/devkitPro/devkitARM/bin/../lib/gcc/arm-none-eabi/15.1.0/../../../../arm-none-eabi/lib/thumb\libg.a(libc_a-dtoa.o)
 .comment       0x00000023       0x24 C:/devkitPro/devkitARM/bin/../lib/gcc/arm-none-eabi/15.1.0/../../../../arm-none-eabi/lib/thumb\libg.a(libc_a-wcrtomb.o)
 .comment       0x00000023       0x24 C:/devkitPro/devkitARM/bin/../lib/gcc/arm-none-eabi/15.1.0/../../../../arm-none-eabi/lib/thumb\libg.a(libc_a-fflush.o)
 .comment       0x00000023       0x24 C:/devkitPro/devkitARM/bin/../lib/gcc/arm-none-eabi/15.1.0/../../../../arm-none-eabi/lib/thumb\libg.a(libc_a-reallocr.o)
 .comment       0x00000023       0x24 C:/devkitPro/devkitARM/bin/../lib/gcc/arm-none-eabi/15.1.0/../../../../arm-none-eabi/lib/thumb\libg.a(libc_a-ssputs_r.o)
 .comment       0x00000023       0x24 C:/devkitPro/devkitARM/bin/../lib/gcc/arm-none-eabi/15.1.0/../../../../arm-none-eabi/lib/thumb\libg.a(libc_a-impure.o)
 .comment       0x00000023       0x24 C:/devkitPro/devkitARM/bin/../lib/gcc/arm-none-eabi/15.1.0/../../../../arm-none-eabi/lib/thumb\libg.a(libc_a-wctomb_r.o)
 .comment       0x00000023       0x24 C:/devkitPro/devkitARM/bin/../lib/gcc/arm-none-eabi/15.1.0/../../../../arm-none-eabi/lib/thumb\libg.a(libc_a-wsetup.o)
 .comment       0x00000023       0x24 C:/devkitPro/devkitARM/bin/../lib/gcc/arm-none-eabi/15.1.0/../../../../arm-none-eabi/lib/thumb\libg.a(libc_a-stdio.o)
 .comment       0x00000023       0x24 C:/devkitPro/devkitARM/bin/../lib/gcc/arm-none-eabi/15.1.0/../../../../arm-none-eabi/lib/thumb\libg.a(libc_a-assert.o)
 .comment       0x00000023       0x24 C:/devkitPro/devkitARM/bin/../lib/gcc/arm-none-eabi/15.1.0/../../../../arm-none-eabi/lib/thumb\libg.a(libc_a-mprec.o)
 .comment       0x00000023       0x24 C:/devkitPro/devkitARM/bin/../lib/gcc/arm-none-eabi/15.1.0/../../../../arm-none-eabi/lib/thumb\libg.a(libc_a-fclose.o)
 .comment       0x00000023       0x24 C:/devkitPro/devkitARM/bin/../lib/gcc/arm-none-eabi/15.1.0/../../../../arm-none-eabi/lib/thumb\libg.a(libc_a-fiprintf.o)
 .comment       0x00000023       0x24 C:/devkitPro/devkitARM/bin/../lib/gcc/arm-none-eabi/15.1.0/../../../../arm-none-eabi/lib/thumb\libg.a(libc_a-sprint_r.o)
 .comment       0x00000023       0x24 C:/devkitPro/devkitARM/bin/../lib/gcc/arm-none-eabi/15.1.0/../../../../arm-none-eabi/lib/thumb\libg.a(libc_a-abort.o)
 .comment       0x00000023       0x24 C:/devkitPro/devkitARM/bin/../lib/gcc/arm-none-eabi/15.1.0/../../../../arm-none-eabi/lib/thumb\libg.a(libc_a-makebuf.o)
 .comment       0x00000023       0x24 C:/devkitPro/devkitARM/bin/../lib/gcc/arm-none-eabi/15.1.0/../../../../arm-none-eabi/lib/thumb\libg.a(libc_a-signal.o)
 .comment       0x00000023       0x24 C:/devkitPro/devkitARM/bin/../lib/gcc/arm-none-eabi/15.1.0/../../../../arm-none-eabi/lib/thumb\libg.a(libc_a-vfiprintf.o)
 .comment       0x00000023       0x24 C:/devkitPro/devkitARM/bin/../lib/gcc/arm-none-eabi/15.1.0/../../../../arm-none-eabi/lib/thumb\libsysbase.a(libsysbase_libsysbase_a-_exit.o)
 .comment       0x00000023       0x24 C:/devkitPro/devkitARM/bin/../lib/gcc/arm-none-eabi/15.1.0/../../../../arm-none-eabi/lib/thumb\libsysbase.a(libsysbase_libsysbase_a-fstat.o)
 .comment       0x00000023       0x24 C:/devkitPro/devkitARM/bin/../lib/gcc/arm-none-eabi/15.1.0/../../../../arm-none-eabi/lib/thumb\libsysbase.a(libsysbase_libsysbase_a-getpid.o)
 .comment       0x00000023       0x24 C:/devkitPro/devkitARM/bin/../lib/gcc/arm-none-eabi/15.1.0/../../../../arm-none-eabi/lib/thumb\libsysbase.a(libsysbase_libsysbase_a-getreent.o)
 .comment       0x00000023       0x24 C:/devkitPro/devkitARM/bin/../lib/gcc/arm-none-eabi/15.1.0/../../../../arm-none-eabi/lib/thumb\libsysbase.a(libsysbase_libsysbase_a-handle_manager.o)
 .comment       0x00000023       0x24 C:/devkitPro/devkitARM/bin/../lib/gcc/arm-none-eabi/15.1.0/../../../../arm-none-eabi/lib/thumb\libsysbase.a(libsysbase_libsysbase_a-iosupport.o)
 .comment       0x00000023       0x24 C:/devkitPro/devkitARM/bin/../lib/gcc/arm-none-eabi/15.1.0/../../../../arm-none-eabi/lib/thumb\libsysbase.a(libsysbase_libsysbase_a-isatty.o)
 .comment       0x00000023       0x24 C:/devkitPro/devkitARM/bin/../lib/gcc/arm-none-eabi/15.1.0/../../../../arm-none-eabi/lib/thumb\libsysbase.a(libsysbase_libsysbase_a-kill.o)
 .comment       0x00000023       0x24 C:/devkitPro/devkitARM/bin/../lib/gcc/arm-none-eabi/15.1.0/../../../../arm-none-eabi/lib/thumb\libsysbase.a(libsysbase_libsysbase_a-lseek.o)
 .comment       0x00000023       0x24 C:/devkitPro/devkitARM/bin/../lib/gcc/arm-none-eabi/15.1.0/../../../../arm-none-eabi/lib/thumb\libsysbase.a(libsysbase_libsysbase_a-malloc_vars.o)
 .comment       0x00000023       0x24 C:/devkitPro/devkitARM/bin/../lib/gcc/arm-none-eabi/15.1.0/../../../../arm-none-eabi/lib/thumb\libsysbase.a(libsysbase_libsysbase_a-read.o)
 .comment       0x00000023       0x24 C:/devkitPro/devkitARM/bin/../lib/gcc/arm-none-eabi/15.1.0/../../../../arm-none-eabi/lib/thumb\libsysbase.a(libsysbase_libsysbase_a-sbrk.o)
 .comment       0x00000023       0x24 C:/devkitPro/devkitARM/bin/../lib/gcc/arm-none-eabi/15.1.0/../../../../arm-none-eabi/lib/thumb\libsysbase.a(libsysbase_libsysbase_a-syscall_support.o)
 .comment       0x00000023       0x24 C:/devkitPro/devkitARM/bin/../lib/gcc/arm-none-eabi/15.1.0/../../../../arm-none-eabi/lib/thumb\libsysbase.a(libsysbase_libsysbase_a-write.o)
 .comment       0x00000023       0x24 C:/devkitPro/devkitARM/bin/../lib/gcc/arm-none-eabi/15.1.0/thumb\libgcc.a(_udivmoddi4.o)
 .comment       0x00000023       0x24 C:/devkitPro/devkitARM/bin/../lib/gcc/arm-none-eabi/15.1.0/thumb/crtend.o

.debug
 *(.debug)

.line
 *(.line)

.debug_srcinfo
 *(.debug_srcinfo)

.debug_sfnames
 *(.debug_sfnames)

.debug_aranges  0x00000000      0x170
 *(.debug_aranges)
 .debug_aranges
                0x00000000       0x20 anchor.o
 .debug_aranges
                0x00000020       0x20 cursor.o
 .debug_aranges
                0x00000040       0x20 gapbuf.o
 .debug_aranges
                0x00000060       0x28 interrupt.o
 .debug_aranges
                0x00000088       0x20 mail_screen.o
 .debug_aranges
                0x000000a8       0x88 main.o
 .debug_aranges
                0x00000130       0x20 printdebug.o
 .debug_aranges
                0x00000150       0x20 visual.o

.debug_pubnames
 *(.debug_pubnames)

.debug_info     0x00000000     0x578e
 *(.debug_info)
 .debug_info    0x00000000      0x70a anchor.o
 .debug_info    0x0000070a      0x633 cursor.o
 .debug_info    0x00000d3d      0x6dc gapbuf.o
 .debug_info    0x00001419      0x106 interrupt.o
 .debug_info    0x0000151f      0xa98 mail_screen.o
 .debug_info    0x00001fb7     0x2844 main.o
 .debug_info    0x000047fb      0x184 printdebug.o
 .debug_info    0x0000497f      0xe0f visual.o

.debug_abbrev   0x00000000     0x17b0
 *(.debug_abbrev)
 .debug_abbrev  0x00000000      0x326 anchor.o
 .debug_abbrev  0x00000326      0x2a8 cursor.o
 .debug_abbrev  0x000005ce      0x20a gapbuf.o
 .debug_abbrev  0x000007d8       0xb9 interrupt.o
 .debug_abbrev  0x00000891      0x368 mail_screen.o
 .debug_abbrev  0x00000bf9      0x619 main.o
 .debug_abbrev  0x00001212      0x119 printdebug.o
 .debug_abbrev  0x0000132b      0x485 visual.o

.debug_line     0x00000000     0x3399
 *(.debug_line)
 .debug_line    0x00000000      0x3ff anchor.o
 .debug_line    0x000003ff      0x37b cursor.o
 .debug_line    0x0000077a      0x49a gapbuf.o
 .debug_line    0x00000c14      0x1a3 interrupt.o
 .debug_line    0x00000db7      0x462 mail_screen.o
 .debug_line    0x00001219     0x1766 main.o
 .debug_line    0x0000297f      0x13b printdebug.o
 .debug_line    0x00002aba      0x8df visual.o

.debug_frame    0x00000000      0x718
 *(.debug_frame)
 .debug_frame   0x00000000       0x98 anchor.o
 .debug_frame   0x00000098       0x94 cursor.o
 .debug_frame   0x0000012c      0x15c gapbuf.o
 .debug_frame   0x00000288       0x30 interrupt.o
 .debug_frame   0x000002b8       0xc4 mail_screen.o
 .debug_frame   0x0000037c      0x23c main.o
 .debug_frame   0x000005b8       0x2c printdebug.o
 .debug_frame   0x000005e4      0x134 visual.o

.debug_str      0x00000000      0xd7e
 *(.debug_str)
 .debug_str     0x00000000      0xd7e anchor.o
                                0x2f3 (size before relaxing)
 .debug_str     0x00000d7e      0x310 cursor.o
 .debug_str     0x00000d7e      0x2f5 gapbuf.o
 .debug_str     0x00000d7e      0x1a0 interrupt.o
 .debug_str     0x00000d7e      0x4ba mail_screen.o
 .debug_str     0x00000d7e      0xadb main.o
 .debug_str     0x00000d7e      0x1a6 printdebug.o
 .debug_str     0x00000d7e      0x4eb visual.o

.debug_loc
 *(.debug_loc)

.debug_macinfo
 *(.debug_macinfo)

.debug_weaknames
 *(.debug_weaknames)

.debug_funcnames
 *(.debug_funcnames)

.debug_typenames
 *(.debug_typenames)

.debug_varnames
 *(.debug_varnames)

.stack          0x00080000        0x0
                0x00080000                        _stack = .
 *(.stack)

.note.gnu.arm.ident
 *(.note.gnu.arm.ident)

.ARM.attributes
                0x00000000       0x2c
 *(.ARM.attributes)
 .ARM.attributes
                0x00000000       0x20 C:/devkitPro/devkitARM/bin/../lib/gcc/arm-none-eabi/15.1.0/../../../../arm-none-eabi/lib/thumb/gba_crt0.o
 .ARM.attributes
                0x00000020       0x1c C:/devkitPro/devkitARM/bin/../lib/gcc/arm-none-eabi/15.1.0/thumb/crti.o
 .ARM.attributes
                0x0000003c       0x2a C:/devkitPro/devkitARM/bin/../lib/gcc/arm-none-eabi/15.1.0/thumb/crtbegin.o
 .ARM.attributes
                0x00000066       0x2a anchor.o
 .ARM.attributes
                0x00000090       0x2a cursor.o
 .ARM.attributes
                0x000000ba       0x2a gapbuf.o
 .ARM.attributes
                0x000000e4       0x2a interrupt.o
 .ARM.attributes
                0x0000010e       0x2a mail_screen.o
 .ARM.attributes
                0x00000138       0x2a main.o
 .ARM.attributes
                0x00000162       0x2a printdebug.o
 .ARM.attributes
                0x0000018c       0x2a visual.o
 .ARM.attributes
                0x000001b6       0x1a turkish.o
 .ARM.attributes
                0x000001d0       0x1a anchor_sprite.o
 .ARM.attributes
                0x000001ea       0x1a cursor_sprite.o
 .ARM.attributes
                0x00000204       0x1a msg_info.o
 .ARM.attributes
                0x0000021e       0x1a sending.o
 .ARM.attributes
                0x00000238       0x1a sensor.o
 .ARM.attributes
                0x00000252       0x2a C:/devkitPro/libtonc/lib\libtonc.a(tonc_input.o)
 .ARM.attributes
                0x0000027c       0x2a C:/devkitPro/libtonc/lib\libtonc.a(tonc_irq.o)
 .ARM.attributes
                0x000002a6       0x2a C:/devkitPro/libtonc/lib\libtonc.a(tonc_oam.o)
 .ARM.attributes
                0x000002d0       0x2a C:/devkitPro/libtonc/lib\libtonc.a(tte_init_se.o)
 .ARM.attributes
                0x000002fa       0x2a C:/devkitPro/libtonc/lib\libtonc.a(tte_main.o)
 .ARM.attributes
                0x00000324       0x1a C:/devkitPro/libtonc/lib\libtonc.a(tonc_bios_ex.o)
 .ARM.attributes
                0x0000033e       0x1a C:/devkitPro/libtonc/lib\libtonc.a(tonc_bios.o)
 .ARM.attributes
                0x00000358       0x1a C:/devkitPro/libtonc/lib\libtonc.a(tonc_isr_master.o)
 .ARM.attributes
                0x00000372       0x1a C:/devkitPro/libtonc/lib\libtonc.a(tonc_memcpy.o)
 .ARM.attributes
                0x0000038c       0x1a C:/devkitPro/libtonc/lib\libtonc.a(tonc_memset.o)
 .ARM.attributes
                0x000003a6       0x1a C:/devkitPro/libtonc/lib\libtonc.a(tonc_nocash.o)
 .ARM.attributes
                0x000003c0       0x1a C:/devkitPro/libtonc/lib\libtonc.a(sys8.o)
 .ARM.attributes
                0x000003da       0x2a C:/devkitPro/libtonc/lib\libtonc.a(tonc_surface.o)
 .ARM.attributes
                0x00000404       0x2a C:/devkitPro/libtonc/lib\libtonc.a(se_drawg.o)
 .ARM.attributes
                0x0000042e       0x2a C:/devkitPro/libtonc/lib\libtonc.a(tonc_sbmp16.o)
 .ARM.attributes
                0x00000458       0x1c C:/devkitPro/devkitARM/bin/../lib/gcc/arm-none-eabi/15.1.0/thumb\libgcc.a(_divsi3.o)
 .ARM.attributes
                0x00000474       0x1c C:/devkitPro/devkitARM/bin/../lib/gcc/arm-none-eabi/15.1.0/thumb\libgcc.a(_dvmd_tls.o)
 .ARM.attributes
                0x00000490       0x1c C:/devkitPro/devkitARM/bin/../lib/gcc/arm-none-eabi/15.1.0/thumb\libgcc.a(_sync_none.o)
 .ARM.attributes
                0x000004ac       0x2a C:/devkitPro/devkitARM/bin/../lib/gcc/arm-none-eabi/15.1.0/../../../../arm-none-eabi/lib/thumb\libg.a(libc_a-memmove.o)
 .ARM.attributes
                0x000004d6       0x2a C:/devkitPro/devkitARM/bin/../lib/gcc/arm-none-eabi/15.1.0/../../../../arm-none-eabi/lib/thumb\libg.a(libc_a-itoa.o)
 .ARM.attributes
                0x00000500       0x2a C:/devkitPro/devkitARM/bin/../lib/gcc/arm-none-eabi/15.1.0/../../../../arm-none-eabi/lib/thumb\libg.a(libc_a-utoa.o)
 .ARM.attributes
                0x0000052a       0x2a C:/devkitPro/devkitARM/bin/../lib/gcc/arm-none-eabi/15.1.0/../../../../arm-none-eabi/lib/thumb\libg.a(libc_a-init.o)
 .ARM.attributes
                0x00000554       0x2a C:/devkitPro/devkitARM/bin/../lib/gcc/arm-none-eabi/15.1.0/../../../../arm-none-eabi/lib/thumb\libg.a(libc_a-calloc.o)
 .ARM.attributes
                0x0000057e       0x2a C:/devkitPro/devkitARM/bin/../lib/gcc/arm-none-eabi/15.1.0/../../../../arm-none-eabi/lib/thumb\libg.a(libc_a-vsnprintf.o)
 .ARM.attributes
                0x000005a8       0x2a C:/devkitPro/devkitARM/bin/../lib/gcc/arm-none-eabi/15.1.0/../../../../arm-none-eabi/lib/thumb\libg.a(libc_a-puts.o)
 .ARM.attributes
                0x000005d2       0x2a C:/devkitPro/devkitARM/bin/../lib/gcc/arm-none-eabi/15.1.0/../../../../arm-none-eabi/lib/thumb\libg.a(libc_a-callocr.o)
 .ARM.attributes
                0x000005fc       0x2a C:/devkitPro/devkitARM/bin/../lib/gcc/arm-none-eabi/15.1.0/../../../../arm-none-eabi/lib/thumb\libg.a(libc_a-mallocr.o)
 .ARM.attributes
                0x00000626       0x2a C:/devkitPro/devkitARM/bin/../lib/gcc/arm-none-eabi/15.1.0/../../../../arm-none-eabi/lib/thumb\libg.a(libc_a-freer.o)
 .ARM.attributes
                0x00000650       0x2a C:/devkitPro/devkitARM/bin/../lib/gcc/arm-none-eabi/15.1.0/../../../../arm-none-eabi/lib/thumb\libg.a(libc_a-svfprintf.o)
 .ARM.attributes
                0x0000067a       0x2a C:/devkitPro/devkitARM/bin/../lib/gcc/arm-none-eabi/15.1.0/../../../../arm-none-eabi/lib/thumb\libg.a(libc_a-printf.o)
 .ARM.attributes
                0x000006a4       0x2a C:/devkitPro/devkitARM/bin/../lib/gcc/arm-none-eabi/15.1.0/../../../../arm-none-eabi/lib/thumb\libg.a(libc_a-strtol.o)
 .ARM.attributes
                0x000006ce       0x2a C:/devkitPro/devkitARM/bin/../lib/gcc/arm-none-eabi/15.1.0/../../../../arm-none-eabi/lib/thumb\libg.a(libc_a-malloc.o)
 .ARM.attributes
                0x000006f8       0x2a C:/devkitPro/devkitARM/bin/../lib/gcc/arm-none-eabi/15.1.0/../../../../arm-none-eabi/lib/thumb\libg.a(libc_a-ctype_.o)
 .ARM.attributes
                0x00000722       0x2a C:/devkitPro/devkitARM/bin/../lib/gcc/arm-none-eabi/15.1.0/../../../../arm-none-eabi/lib/thumb\libg.a(libc_a-memset.o)
 .ARM.attributes
                0x0000074c       0x2a C:/devkitPro/devkitARM/bin/../lib/gcc/arm-none-eabi/15.1.0/../../../../arm-none-eabi/lib/thumb\libg.a(libc_a-mlock.o)
 .ARM.attributes
                0x00000776       0x2a C:/devkitPro/devkitARM/bin/../lib/gcc/arm-none-eabi/15.1.0/../../../../arm-none-eabi/lib/thumb\libg.a(libc_a-strncpy.o)
 .ARM.attributes
                0x000007a0       0x2a C:/devkitPro/devkitARM/bin/../lib/gcc/arm-none-eabi/15.1.0/../../../../arm-none-eabi/lib/thumb\libg.a(libc_a-memcpy-stub.o)
 .ARM.attributes
                0x000007ca       0x2a C:/devkitPro/devkitARM/bin/../lib/gcc/arm-none-eabi/15.1.0/../../../../arm-none-eabi/lib/thumb\libg.a(libc_a-wcsrtombs.o)
 .ARM.attributes
                0x000007f4       0x2a C:/devkitPro/devkitARM/bin/../lib/gcc/arm-none-eabi/15.1.0/../../../../arm-none-eabi/lib/thumb\libg.a(libc_a-svfiprintf.o)
 .ARM.attributes
                0x0000081e       0x2a C:/devkitPro/devkitARM/bin/../lib/gcc/arm-none-eabi/15.1.0/../../../../arm-none-eabi/lib/thumb\libg.a(libm_a-s_frexp.o)
 .ARM.attributes
                0x00000848       0x2a C:/devkitPro/devkitARM/bin/../lib/gcc/arm-none-eabi/15.1.0/../../../../arm-none-eabi/lib/thumb\libg.a(libc_a-fvwrite.o)
 .ARM.attributes
                0x00000872       0x2a C:/devkitPro/devkitARM/bin/../lib/gcc/arm-none-eabi/15.1.0/../../../../arm-none-eabi/lib/thumb\libg.a(libc_a-locale.o)
 .ARM.attributes
                0x0000089c       0x2a C:/devkitPro/devkitARM/bin/../lib/gcc/arm-none-eabi/15.1.0/../../../../arm-none-eabi/lib/thumb\libg.a(libc_a-ssprint_r.o)
 .ARM.attributes
                0x000008c6       0x2a C:/devkitPro/devkitARM/bin/../lib/gcc/arm-none-eabi/15.1.0/../../../../arm-none-eabi/lib/thumb\libg.a(libc_a-strlen.o)
 .ARM.attributes
                0x000008f0       0x2a C:/devkitPro/devkitARM/bin/../lib/gcc/arm-none-eabi/15.1.0/../../../../arm-none-eabi/lib/thumb\libg.a(libc_a-malignr.o)
 .ARM.attributes
                0x0000091a       0x2a C:/devkitPro/devkitARM/bin/../lib/gcc/arm-none-eabi/15.1.0/../../../../arm-none-eabi/lib/thumb\libg.a(libc_a-strcat.o)
 .ARM.attributes
                0x00000944       0x2a C:/devkitPro/devkitARM/bin/../lib/gcc/arm-none-eabi/15.1.0/../../../../arm-none-eabi/lib/thumb\libg.a(libc_a-wcsnrtombs.o)
 .ARM.attributes
                0x0000096e       0x2a C:/devkitPro/devkitARM/bin/../lib/gcc/arm-none-eabi/15.1.0/../../../../arm-none-eabi/lib/thumb\libg.a(libc_a-findfp.o)
 .ARM.attributes
                0x00000998       0x2a C:/devkitPro/devkitARM/bin/../lib/gcc/arm-none-eabi/15.1.0/../../../../arm-none-eabi/lib/thumb\libg.a(libc_a-mbtowc_r.o)
 .ARM.attributes
                0x000009c2       0x2a C:/devkitPro/devkitARM/bin/../lib/gcc/arm-none-eabi/15.1.0/../../../../arm-none-eabi/lib/thumb\libg.a(libc_a-fwalk.o)
 .ARM.attributes
                0x000009ec       0x2a C:/devkitPro/devkitARM/bin/../lib/gcc/arm-none-eabi/15.1.0/../../../../arm-none-eabi/lib/thumb\libg.a(libc_a-errno.o)
 .ARM.attributes
                0x00000a16       0x2a C:/devkitPro/devkitARM/bin/../lib/gcc/arm-none-eabi/15.1.0/../../../../arm-none-eabi/lib/thumb\libg.a(libc_a-localeconv.o)
 .ARM.attributes
                0x00000a40       0x2a C:/devkitPro/devkitARM/bin/../lib/gcc/arm-none-eabi/15.1.0/../../../../arm-none-eabi/lib/thumb\libg.a(libc_a-vfprintf.o)
 .ARM.attributes
                0x00000a6a       0x2a C:/devkitPro/devkitARM/bin/../lib/gcc/arm-none-eabi/15.1.0/../../../../arm-none-eabi/lib/thumb\libg.a(libc_a-strlcpy.o)
 .ARM.attributes
                0x00000a94       0x2a C:/devkitPro/devkitARM/bin/../lib/gcc/arm-none-eabi/15.1.0/../../../../arm-none-eabi/lib/thumb\libg.a(libc_a-memchr-stub.o)
 .ARM.attributes
                0x00000abe       0x2a C:/devkitPro/devkitARM/bin/../lib/gcc/arm-none-eabi/15.1.0/../../../../arm-none-eabi/lib/thumb\libg.a(libc_a-strcasecmp.o)
 .ARM.attributes
                0x00000ae8       0x2a C:/devkitPro/devkitARM/bin/../lib/gcc/arm-none-eabi/15.1.0/../../../../arm-none-eabi/lib/thumb\libg.a(libc_a-dtoa.o)
 .ARM.attributes
                0x00000b12       0x2a C:/devkitPro/devkitARM/bin/../lib/gcc/arm-none-eabi/15.1.0/../../../../arm-none-eabi/lib/thumb\libg.a(libc_a-wcrtomb.o)
 .ARM.attributes
                0x00000b3c       0x2a C:/devkitPro/devkitARM/bin/../lib/gcc/arm-none-eabi/15.1.0/../../../../arm-none-eabi/lib/thumb\libg.a(libc_a-strcpy.o)
 .ARM.attributes
                0x00000b66       0x2a C:/devkitPro/devkitARM/bin/../lib/gcc/arm-none-eabi/15.1.0/../../../../arm-none-eabi/lib/thumb\libg.a(libc_a-fflush.o)
 .ARM.attributes
                0x00000b90       0x2a C:/devkitPro/devkitARM/bin/../lib/gcc/arm-none-eabi/15.1.0/../../../../arm-none-eabi/lib/thumb\libg.a(libc_a-getenv_r.o)
 .ARM.attributes
                0x00000bba       0x2a C:/devkitPro/devkitARM/bin/../lib/gcc/arm-none-eabi/15.1.0/../../../../arm-none-eabi/lib/thumb\libg.a(libc_a-reallocr.o)
 .ARM.attributes
                0x00000be4       0x2a C:/devkitPro/devkitARM/bin/../lib/gcc/arm-none-eabi/15.1.0/../../../../arm-none-eabi/lib/thumb\libg.a(libc_a-ssputs_r.o)
 .ARM.attributes
                0x00000c0e       0x2a C:/devkitPro/devkitARM/bin/../lib/gcc/arm-none-eabi/15.1.0/../../../../arm-none-eabi/lib/thumb\libg.a(libc_a-strncasecmp.o)
 .ARM.attributes
                0x00000c38       0x2a C:/devkitPro/devkitARM/bin/../lib/gcc/arm-none-eabi/15.1.0/../../../../arm-none-eabi/lib/thumb\libg.a(libc_a-impure.o)
 .ARM.attributes
                0x00000c62       0x1a C:/devkitPro/devkitARM/bin/../lib/gcc/arm-none-eabi/15.1.0/../../../../arm-none-eabi/lib/thumb\libg.a(libc_a-strcmp.o)
 .ARM.attributes
                0x00000c7c       0x2a C:/devkitPro/devkitARM/bin/../lib/gcc/arm-none-eabi/15.1.0/../../../../arm-none-eabi/lib/thumb\libg.a(libc_a-wctomb_r.o)
 .ARM.attributes
                0x00000ca6       0x2a C:/devkitPro/devkitARM/bin/../lib/gcc/arm-none-eabi/15.1.0/../../../../arm-none-eabi/lib/thumb\libg.a(libc_a-wsetup.o)
 .ARM.attributes
                0x00000cd0       0x2a C:/devkitPro/devkitARM/bin/../lib/gcc/arm-none-eabi/15.1.0/../../../../arm-none-eabi/lib/thumb\libg.a(libc_a-strncmp.o)
 .ARM.attributes
                0x00000cfa       0x2a C:/devkitPro/devkitARM/bin/../lib/gcc/arm-none-eabi/15.1.0/../../../../arm-none-eabi/lib/thumb\libg.a(libc_a-strchr.o)
 .ARM.attributes
                0x00000d24       0x2a C:/devkitPro/devkitARM/bin/../lib/gcc/arm-none-eabi/15.1.0/../../../../arm-none-eabi/lib/thumb\libg.a(libc_a-stdio.o)
 .ARM.attributes
                0x00000d4e       0x2a C:/devkitPro/devkitARM/bin/../lib/gcc/arm-none-eabi/15.1.0/../../../../arm-none-eabi/lib/thumb\libg.a(libc_a-envlock.o)
 .ARM.attributes
                0x00000d78       0x2a C:/devkitPro/devkitARM/bin/../lib/gcc/arm-none-eabi/15.1.0/../../../../arm-none-eabi/lib/thumb\libg.a(libc_a-assert.o)
 .ARM.attributes
                0x00000da2       0x2a C:/devkitPro/devkitARM/bin/../lib/gcc/arm-none-eabi/15.1.0/../../../../arm-none-eabi/lib/thumb\libg.a(libc_a-mprec.o)
 .ARM.attributes
                0x00000dcc       0x2a C:/devkitPro/devkitARM/bin/../lib/gcc/arm-none-eabi/15.1.0/../../../../arm-none-eabi/lib/thumb\libg.a(libc_a-fclose.o)
 .ARM.attributes
                0x00000df6       0x2a C:/devkitPro/devkitARM/bin/../lib/gcc/arm-none-eabi/15.1.0/../../../../arm-none-eabi/lib/thumb\libg.a(libc_a-fiprintf.o)
 .ARM.attributes
                0x00000e20       0x2a C:/devkitPro/devkitARM/bin/../lib/gcc/arm-none-eabi/15.1.0/../../../../arm-none-eabi/lib/thumb\libg.a(libc_a-sprint_r.o)
 .ARM.attributes